G=  4.0 APLx  1.0: threshold 1.722 KC 0.050 block 1.06 rate 0.235 err 0.468 settled True
G=  4.0 APLx  2.0: threshold 1.704 KC 0.050 block 1.11 rate 0.235 err 0.405 settled True
G=  4.0 APLx  4.0: threshold 1.671 KC 0.050 block 1.22 rate 0.234 err 0.304 settled True
G=  4.0 APLx  8.0: threshold 1.612 KC 0.050 block 1.43 rate 0.235 err 0.171 settled True
G=  4.0 APLx 16.0: threshold 1.530 KC 0.050 block 1.78 rate 0.238 err 0.067 settled True
G=  4.0 APLx 32.0: threshold 1.458 KC 0.050 block 2.14 rate 0.244 err 0.047 settled True
G=  6.0 APLx  1.0: threshold 2.797 KC 0.050 block 1.10 rate 0.365 err 0.396 settled True
G=  6.0 APLx  2.0: threshold 2.748 KC 0.050 block 1.20 rate 0.365 err 0.299 settled True
G=  6.0 APLx  4.0: threshold 2.660 KC 0.050 block 1.40 rate 0.366 err 0.170 settled True
G=  6.0 APLx  8.0: threshold 2.534 KC 0.050 block 1.71 rate 0.369 err 0.067 settled True
G=  6.0 APLx 16.0: threshold 2.422 KC 0.050 block 2.05 rate 0.379 err 0.055 settled True
G=  6.0 APLx 32.0: threshold 2.380 KC 0.050 block 2.11 rate 0.385 err 0.065 settled True
G=  8.0 APLx  1.0: threshold 3.835 KC 0.050 block 1.15 rate 0.482 err 0.534 settled True
G=  8.0 APLx  2.0: threshold 3.745 KC 0.050 block 1.29 rate 0.481 err 0.418 settled True
G=  8.0 APLx  4.0: threshold 3.595 KC 0.050 block 1.54 rate 0.485 err 0.297 settled True
G=  8.0 APLx  8.0: threshold 3.419 KC 0.050 block 1.90 rate 0.493 err 0.249 settled True
G=  8.0 APLx 16.0: threshold 3.324 KC 0.050 block 2.09 rate 0.503 err 0.269 settled True
G=  8.0 APLx 32.0: threshold 3.304 KC 0.050 block 1.89 rate 0.508 err 0.280 settled True
G= 10.0 APLx  1.0: threshold 4.855 KC 0.050 block 1.18 rate 0.584 err 0.719 settled True
G= 10.0 APLx  2.0: threshold 4.711 KC 0.050 block 1.36 rate 0.583 err 0.590 settled True
G= 10.0 APLx  4.0: threshold 4.492 KC 0.050 block 1.68 rate 0.591 err 0.491 settled True
G= 10.0 APLx  8.0: threshold 4.303 KC 0.050 block 1.99 rate 0.599 err 0.479 settled True
G= 10.0 APLx 16.0: threshold 4.232 KC 0.050 block 2.05 rate 0.608 err 0.500 settled True
G= 10.0 APLx 32.0: threshold 4.222 KC 0.050 block 1.67 rate 0.609 err 0.535 settled True
G= 12.0 APLx  1.0: threshold 5.861 KC 0.050 block 1.22 rate 0.667 err 0.886 settled True
G= 12.0 APLx  2.0: threshold 5.655 KC 0.050 block 1.43 rate 0.670 err 0.757 settled True
G= 12.0 APLx  4.0: threshold 5.381 KC 0.050 block 1.77 rate 0.679 err 0.681 settled True
G= 12.0 APLx  8.0: threshold 5.192 KC 0.050 block 2.03 rate 0.690 err 0.693 settled True
G= 12.0 APLx 16.0: threshold 5.142 KC 0.050 block 1.96 rate 0.693 err 0.701 settled True
G= 12.0 APLx 32.0: threshold 5.138 KC 0.050 block 1.50 rate 0.693 err 0.787 settled True
BEST {"G": 4, "apl_gain": 32, "kc_threshold": 1.4577903747558594, "kc_active": 0.049998845905065536, "apl_block": 2.1392979289962653, "kc_rate": 0.24442309141159058, "settled": true, "error": 0.04650993959353227}
