[kind] design A; start kc 0.050; train 5597 val 375 (23s)
[kind] ep 1 batch 0 loss 1.835 (25s)
[kind] ep 1 batch 200 loss 0.721 (262s)
[kind] epoch 1: loss 0.657 val 0.860 (398s)
[kind] ep 2 batch 0 loss 0.229 (400s)
[kind] ep 2 batch 200 loss 0.421 (637s)
[kind] epoch 2: loss 0.412 val 0.869 (773s)
[kind] ep 3 batch 0 loss 0.144 (775s)
[kind] ep 3 batch 200 loss 0.307 (1012s)
[kind] epoch 3: loss 0.306 val 0.895 (1148s)
[kind] ep 4 batch 0 loss 0.158 (1150s)
[kind] ep 4 batch 200 loss 0.269 (1387s)
[kind] epoch 4: loss 0.262 val 0.913 (1523s)
[kind] ep 5 batch 0 loss 0.356 (1525s)
[kind] ep 5 batch 200 loss 0.236 (1762s)
[kind] epoch 5: loss 0.222 val 0.874 (1899s)
[kind] ep 6 batch 0 loss 0.621 (1900s)
[kind] ep 6 batch 200 loss 0.215 (2137s)
[kind] epoch 6: loss 0.217 val 0.925 (2274s)
[kind] ep 7 batch 0 loss 0.281 (2275s)
[kind] ep 7 batch 200 loss 0.208 (2512s)
[kind] epoch 7: loss 0.207 val 0.929 (2649s)
[kind] ep 8 batch 0 loss 0.121 (2650s)
[kind] ep 8 batch 200 loss 0.178 (2887s)
[kind] epoch 8: loss 0.183 val 0.925 (3024s)
[kind] done: best val 0.929 (3024s)
exit 0
