[topic] design A; start kc 0.050; train 10000 val 500 (23s)
[topic] ep 1 batch 0 loss 2.892 (25s)
[topic] ep 1 batch 200 loss 1.176 (262s)
[topic] ep 1 batch 400 loss 0.829 (499s)
[topic] ep 1 batch 600 loss 0.784 (736s)
[topic] ep 1 batch 800 loss 0.637 (973s)
[topic] ep 1 batch 1000 loss 0.634 (1210s)
[topic] epoch 1: loss 0.790 val 0.778 (1358s)
[topic] ep 2 batch 0 loss 0.299 (1359s)
[topic] ep 2 batch 200 loss 0.559 (1596s)
[topic] ep 2 batch 400 loss 0.505 (1833s)
[topic] ep 2 batch 600 loss 0.475 (2070s)
[topic] ep 2 batch 800 loss 0.465 (2306s)
[topic] ep 2 batch 1000 loss 0.407 (2543s)
[topic] epoch 2: loss 0.479 val 0.843 (2691s)
[topic] ep 3 batch 0 loss 1.209 (2692s)
[topic] ep 3 batch 200 loss 0.425 (2929s)
[topic] ep 3 batch 400 loss 0.322 (3166s)
[topic] ep 3 batch 600 loss 0.393 (3403s)
[topic] ep 3 batch 800 loss 0.391 (3640s)
[topic] ep 3 batch 1000 loss 0.387 (3876s)
[topic] epoch 3: loss 0.385 val 0.881 (4024s)
[topic] ep 4 batch 0 loss 0.722 (4025s)
[topic] ep 4 batch 200 loss 0.383 (4262s)
[topic] ep 4 batch 400 loss 0.342 (4499s)
[topic] ep 4 batch 600 loss 0.384 (4736s)
[topic] ep 4 batch 800 loss 0.310 (4973s)
[topic] ep 4 batch 1000 loss 0.348 (5210s)
[topic] epoch 4: loss 0.352 val 0.871 (5357s)
[topic] ep 5 batch 0 loss 0.084 (5358s)
[topic] ep 5 batch 200 loss 0.314 (5595s)
[topic] ep 5 batch 400 loss 0.361 (5832s)
[topic] ep 5 batch 600 loss 0.324 (6069s)
[topic] ep 5 batch 800 loss 0.310 (6306s)
[topic] ep 5 batch 1000 loss 0.336 (6543s)
[topic] epoch 5: loss 0.332 val 0.862 (6690s)
[topic] ep 6 batch 0 loss 0.215 (6691s)
[topic] ep 6 batch 200 loss 0.323 (6928s)
[topic] ep 6 batch 400 loss 0.290 (7165s)
[topic] ep 6 batch 600 loss 0.324 (7402s)
[topic] ep 6 batch 800 loss 0.317 (7639s)
[topic] ep 6 batch 1000 loss 0.322 (7877s)
[topic] epoch 6: loss 0.311 val 0.871 (8024s)
[topic] done: best val 0.881 (8024s)
exit 0
