[hate] design A; start kc 0.050; train 32924 val 376 (23s)
[hate] ep 1 batch 0 loss 0.689 (25s)
[hate] ep 1 batch 200 loss 0.660 (315s)
[hate] ep 1 batch 400 loss 0.645 (604s)
[hate] epoch 1: loss 0.648 val 0.634 (771s)
[hate] ep 2 batch 0 loss 0.641 (772s)
[hate] ep 2 batch 200 loss 0.624 (1062s)
[hate] ep 2 batch 400 loss 0.621 (1351s)
[hate] epoch 2: loss 0.623 val 0.621 (1518s)
[hate] ep 3 batch 0 loss 0.596 (1519s)
[hate] ep 3 batch 200 loss 0.619 (1809s)
[hate] ep 3 batch 400 loss 0.609 (2098s)
[hate] epoch 3: loss 0.614 val 0.640 (2265s)
[hate] ep 4 batch 0 loss 0.554 (2266s)
[hate] ep 4 batch 200 loss 0.606 (2556s)
[hate] ep 4 batch 400 loss 0.616 (2845s)
[hate] epoch 4: loss 0.610 val 0.648 (3012s)
[hate] ep 5 batch 0 loss 0.603 (3013s)
[hate] ep 5 batch 200 loss 0.602 (3303s)
[hate] ep 5 batch 400 loss 0.607 (3593s)
[hate] epoch 5: loss 0.605 val 0.677 (3759s)
[hate] ep 6 batch 0 loss 0.597 (3761s)
[hate] ep 6 batch 200 loss 0.602 (4050s)
[hate] ep 6 batch 400 loss 0.604 (4340s)
[hate] epoch 6: loss 0.602 val 0.653 (4507s)
[hate] ep 7 batch 0 loss 0.603 (4508s)
[hate] ep 7 batch 200 loss 0.596 (4798s)
[hate] ep 7 batch 400 loss 0.603 (5088s)
[hate] epoch 7: loss 0.600 val 0.666 (5255s)
[hate] ep 8 batch 0 loss 0.611 (5256s)
[hate] ep 8 batch 200 loss 0.598 (5546s)
[hate] ep 8 batch 400 loss 0.595 (5836s)
[hate] epoch 8: loss 0.597 val 0.670 (6002s)
[hate] done: best val 0.677 (6002s)
exit 0
