[intent] design B; start kc 0.050; train 15100 val 292 (23s)
[intent] ep 1 batch 0 loss 2.996 (25s)
[intent] ep 1 batch 200 loss 2.120 (281s)
[intent] ep 1 batch 400 loss 0.358 (537s)
[intent] ep 1 batch 600 loss 0.288 (793s)
[intent] ep 1 batch 800 loss 0.197 (1049s)
[intent] ep 1 batch 1000 loss 0.214 (1305s)
[intent] ep 1 batch 1200 loss 0.171 (1561s)
[intent] ep 1 batch 1400 loss 0.160 (1817s)
[intent] ep 1 batch 1600 loss 0.169 (2073s)
[intent] ep 1 batch 1800 loss 0.162 (2328s)
[intent] ep 1 batch 2000 loss 0.145 (2584s)
[intent] ep 1 batch 2200 loss 0.140 (2840s)
[intent] ep 1 batch 2400 loss 0.112 (3096s)
[intent] epoch 1: loss 0.344 val 0.785 (3361s)
[intent] ep 2 batch 0 loss 1.754 (3362s)
[intent] ep 2 batch 200 loss 0.115 (3617s)
[intent] ep 2 batch 400 loss 0.067 (3873s)
[intent] ep 2 batch 600 loss 0.089 (4128s)
[intent] ep 2 batch 800 loss 0.099 (4383s)
[intent] ep 2 batch 1000 loss 0.087 (4638s)
[intent] ep 2 batch 1200 loss 0.101 (4893s)
[intent] ep 2 batch 1400 loss 0.090 (5148s)
[intent] ep 2 batch 1600 loss 0.090 (5403s)
[intent] ep 2 batch 1800 loss 0.096 (5658s)
[intent] ep 2 batch 2000 loss 0.082 (5913s)
[intent] ep 2 batch 2200 loss 0.077 (6169s)
[intent] ep 2 batch 2400 loss 0.098 (6424s)
[intent] epoch 2: loss 0.092 val 0.844 (6688s)
[intent] ep 3 batch 0 loss 0.032 (6689s)
[intent] ep 3 batch 200 loss 0.073 (6944s)
[intent] ep 3 batch 400 loss 0.051 (7199s)
[intent] ep 3 batch 600 loss 0.070 (7454s)
[intent] ep 3 batch 800 loss 0.053 (7709s)
[intent] ep 3 batch 1000 loss 0.073 (7964s)
[intent] ep 3 batch 1200 loss 0.067 (8219s)
[intent] ep 3 batch 1400 loss 0.046 (8473s)
[intent] ep 3 batch 1600 loss 0.087 (8728s)
[intent] ep 3 batch 1800 loss 0.058 (8982s)
[intent] ep 3 batch 2000 loss 0.047 (9237s)
[intent] ep 3 batch 2200 loss 0.095 (9492s)
[intent] ep 3 batch 2400 loss 0.060 (9746s)
[intent] epoch 3: loss 0.065 val 0.806 (10010s)
[intent] ep 4 batch 0 loss 0.014 (10011s)
[intent] ep 4 batch 200 loss 0.055 (10265s)
[intent] ep 4 batch 400 loss 0.071 (10520s)
[intent] ep 4 batch 600 loss 0.037 (10774s)
[intent] ep 4 batch 800 loss 0.040 (11029s)
[intent] ep 4 batch 1000 loss 0.057 (11283s)
[intent] ep 4 batch 1200 loss 0.074 (11537s)
[intent] ep 4 batch 1400 loss 0.045 (11792s)
[intent] ep 4 batch 1600 loss 0.066 (12046s)
[intent] ep 4 batch 1800 loss 0.057 (12300s)
[intent] ep 4 batch 2000 loss 0.045 (12554s)
[intent] ep 4 batch 2200 loss 0.058 (12809s)
[intent] ep 4 batch 2400 loss 0.054 (13063s)
[intent] epoch 4: loss 0.055 val 0.833 (13326s)
[intent] done: best val 0.844 (13326s)
exit 0
