[support] design B; start kc 0.050; train 11514 val 363 (23s)
[support] ep 1 batch 0 loss 2.890 (25s)
[support] ep 1 batch 200 loss 1.390 (269s)
[support] ep 1 batch 400 loss 0.672 (513s)
[support] ep 1 batch 600 loss 0.593 (757s)
[support] ep 1 batch 800 loss 0.596 (1001s)
[support] ep 1 batch 1000 loss 0.582 (1245s)
[support] ep 1 batch 1200 loss 0.552 (1489s)
[support] ep 1 batch 1400 loss 0.490 (1732s)
[support] ep 1 batch 1600 loss 0.567 (1976s)
[support] epoch 1: loss 0.679 val 0.777 (2049s)
[support] ep 2 batch 0 loss 0.317 (2050s)
[support] ep 2 batch 200 loss 0.494 (2294s)
[support] ep 2 batch 400 loss 0.482 (2538s)
[support] ep 2 batch 600 loss 0.467 (2782s)
[support] ep 2 batch 800 loss 0.434 (3026s)
[support] ep 2 batch 1000 loss 0.452 (3270s)
[support] ep 2 batch 1200 loss 0.467 (3514s)
[support] ep 2 batch 1400 loss 0.445 (3758s)
[support] ep 2 batch 1600 loss 0.470 (4002s)
[support] epoch 2: loss 0.462 val 0.822 (4074s)
[support] ep 3 batch 0 loss 0.557 (4075s)
[support] ep 3 batch 200 loss 0.339 (4319s)
[support] ep 3 batch 400 loss 0.395 (4563s)
[support] ep 3 batch 600 loss 0.426 (4807s)
[support] ep 3 batch 800 loss 0.423 (5051s)
[support] ep 3 batch 1000 loss 0.434 (5295s)
[support] ep 3 batch 1200 loss 0.391 (5540s)
[support] ep 3 batch 1400 loss 0.383 (5784s)
[support] ep 3 batch 1600 loss 0.410 (6028s)
[support] epoch 3: loss 0.401 val 0.829 (6100s)
[support] ep 4 batch 0 loss 0.506 (6101s)
[support] ep 4 batch 200 loss 0.364 (6345s)
[support] ep 4 batch 400 loss 0.356 (6590s)
[support] ep 4 batch 600 loss 0.316 (6834s)
[support] ep 4 batch 800 loss 0.359 (7078s)
[support] ep 4 batch 1000 loss 0.382 (7322s)
[support] ep 4 batch 1200 loss 0.342 (7566s)
[support] ep 4 batch 1400 loss 0.359 (7810s)
[support] ep 4 batch 1600 loss 0.357 (8054s)
[support] epoch 4: loss 0.354 val 0.816 (8127s)
[support] ep 5 batch 0 loss 0.618 (8128s)
[support] ep 5 batch 200 loss 0.287 (8372s)
[support] ep 5 batch 400 loss 0.309 (8616s)
[support] ep 5 batch 600 loss 0.325 (8860s)
[support] ep 5 batch 800 loss 0.301 (9104s)
[support] ep 5 batch 1000 loss 0.324 (9348s)
[support] ep 5 batch 1200 loss 0.280 (9592s)
[support] ep 5 batch 1400 loss 0.286 (9836s)
[support] ep 5 batch 1600 loss 0.344 (10081s)
[support] epoch 5: loss 0.309 val 0.815 (10153s)
[support] done: best val 0.829 (10153s)
exit 0
