{
 "arm": "hash",
 "rest_input": 0.1,
 "settle": {
  "steps": 40,
  "max_step_change": 1.4103949069976807e-06,
  "converged": true
 },
 "rest_drift_after_80_steps": 2.9802322387695312e-08,
 "orn_rest_rate": 0.15402020514011383,
 "orn_fed_rest_rate": 0.21725016832351685,
 "kc_active_per_sniff": 0.04607406631112099,
 "kc_active_per_sniff_min_max": [
  0.007135826628655195,
  0.14763779938220978
 ],
 "kc_ever_active": 0.9975393414497375,
 "kc_jaccard_between_items": 0.027183249592781067,
 "read_spread": 0.0003617419279180467,
 "read_mean": 0.0019399012671783566,
 "read_corr_with_80_steps_at": {
  "10": 0.03235369639857641,
  "20": 0.6321728449367776,
  "40": 0.9892087962971604,
  "60": 0.9995920899079073
 },
 "s_batch_of_200": 9.931506872177124,
 "checks": {
  "L1_starts_from_rest": true,
  "L2_orn_rest_le_0.15": false,
  "L3_kc_2_to_10pct": true,
  "L4_kc_ever_ge_50pct": true,
  "L4_jaccard_le_0.25": true,
  "L5_read_spread_ge_0.01": false
 },
 "wall_s": 2015.9039149284363
}
