sst: 427 train sentences had no exact dictionary match and were left out
[t1/logistic/s4] 4000 items, 866 rewards, drive None
[t1/logistic/s4] item 0/4000, rewards 0, open [], 0s
[t1/logistic/s4] item 250/4000, rewards 57, open ['k25', 'k50'], 1s
[t1/logistic/s4] item 500/4000, rewards 107, open ['k100'], 1s
[t1/logistic/s4] item 750/4000, rewards 172, open [], 1s
[t1/logistic/s4] item 1000/4000, rewards 231, open ['k200'], 1s
[t1/logistic/s4] item 1250/4000, rewards 280, open [], 1s
[t1/logistic/s4] item 1500/4000, rewards 333, open [], 1s
[t1/logistic/s4] item 1750/4000, rewards 379, open [], 1s
[t1/logistic/s4] item 2000/4000, rewards 425, open [], 1s
[t1/logistic/s4] item 2250/4000, rewards 482, open [], 1s
[t1/logistic/s4] item 2500/4000, rewards 537, open [], 2s
[t1/logistic/s4] item 2750/4000, rewards 590, open [], 2s
[t1/logistic/s4] item 3000/4000, rewards 650, open [], 2s
[t1/logistic/s4] item 3250/4000, rewards 701, open [], 2s
[t1/logistic/s4] item 3500/4000, rewards 758, open [], 2s
[t1/logistic/s4] item 3750/4000, rewards 806, open [], 2s
[t1/logistic/s4] {
 "task": "t1",
 "arm": "logistic",
 "seed": 4,
 "n_items": 4000,
 "windows": {
  "k25": {
   "n": 200,
   "accuracy": 0.46,
   "spearman": 0.1567152594221451,
   "ece": 0.12093570731367712
  },
  "k50": {
   "n": 200,
   "accuracy": 0.49,
   "spearman": 0.34022244489178066,
   "ece": 0.06251337634447812
  },
  "k100": {
   "n": 200,
   "accuracy": 0.615,
   "spearman": 0.5139133250238864,
   "ece": 0.09553319720142753
  },
  "k200": {
   "n": 200,
   "accuracy": 0.505,
   "spearman": 0.4513584207759728,
   "ece": 0.13483453758570746
  }
 },
 "ece_raw_k100plus": 0.1151838673935675,
 "ece_isotonic_k100plus": 0.13779322645049563,
 "n_calib": 156,
 "one_seed_accuracy_all": 0.63675,
 "wall_s": 2.2371010780334473,
 "score_wall_s": 0.0,
 "n_scored": 0,
 "recall": {
  "n_sweet": 30,
  "n_bitter": 30,
  "sweet_trained": 0.5486146235333736,
  "bitter_trained": 0.46318156704796787,
  "gap": 0.08543305648540578
 }
}
