sst: 427 train sentences had no exact dictionary match and were left out
[t1/logistic/s2] 4000 items, 819 rewards, drive None
[t1/logistic/s2] item 0/4000, rewards 0, open [], 0s
[t1/logistic/s2] item 250/4000, rewards 56, open ['k25', 'k50'], 1s
[t1/logistic/s2] item 500/4000, rewards 105, open ['k100'], 1s
[t1/logistic/s2] item 750/4000, rewards 162, open [], 1s
[t1/logistic/s2] item 1000/4000, rewards 210, open ['k200'], 1s
[t1/logistic/s2] item 1250/4000, rewards 260, open [], 1s
[t1/logistic/s2] item 1500/4000, rewards 309, open [], 1s
[t1/logistic/s2] item 1750/4000, rewards 364, open [], 1s
[t1/logistic/s2] item 2000/4000, rewards 410, open [], 1s
[t1/logistic/s2] item 2250/4000, rewards 463, open [], 1s
[t1/logistic/s2] item 2500/4000, rewards 512, open [], 1s
[t1/logistic/s2] item 2750/4000, rewards 563, open [], 2s
[t1/logistic/s2] item 3000/4000, rewards 616, open [], 2s
[t1/logistic/s2] item 3250/4000, rewards 665, open [], 2s
[t1/logistic/s2] item 3500/4000, rewards 715, open [], 2s
[t1/logistic/s2] item 3750/4000, rewards 769, open [], 2s
[t1/logistic/s2] {
 "task": "t1",
 "arm": "logistic",
 "seed": 2,
 "n_items": 4000,
 "windows": {
  "k25": {
   "n": 200,
   "accuracy": 0.55,
   "spearman": 0.08639871794339314,
   "ece": 0.047422019616431985
  },
  "k50": {
   "n": 200,
   "accuracy": 0.56,
   "spearman": 0.17598348897423804,
   "ece": 0.03388380592555287
  },
  "k100": {
   "n": 200,
   "accuracy": 0.61,
   "spearman": 0.2858497605800835,
   "ece": 0.09042748071360589
  },
  "k200": {
   "n": 200,
   "accuracy": 0.59,
   "spearman": 0.3084643945122518,
   "ece": 0.05676365959227044
  }
 },
 "ece_raw_k100plus": 0.07359557015293805,
 "ece_isotonic_k100plus": 0.036440991429417084,
 "n_calib": 183,
 "one_seed_accuracy_all": 0.646,
 "wall_s": 2.0691518783569336,
 "score_wall_s": 0.0,
 "n_scored": 0,
 "recall": {
  "n_sweet": 30,
  "n_bitter": 30,
  "sweet_trained": 0.5735463316721691,
  "bitter_trained": 0.47470523095480444,
  "gap": 0.09884110071736463
 }
}
