sst: 427 train sentences had no exact dictionary match and were left out
[t2/logistic/s1] 4000 items, 800 rewards, drive None
[t2/logistic/s1] item 0/4000, rewards 0, open [], 0s
[t2/logistic/s1] item 250/4000, rewards 58, open ['k25', 'k50'], 2s
[t2/logistic/s1] item 500/4000, rewards 110, open ['k100'], 2s
[t2/logistic/s1] item 750/4000, rewards 164, open [], 2s
[t2/logistic/s1] item 1000/4000, rewards 212, open ['k200'], 2s
[t2/logistic/s1] item 1250/4000, rewards 260, open [], 2s
[t2/logistic/s1] item 1500/4000, rewards 312, open [], 2s
[t2/logistic/s1] item 1750/4000, rewards 348, open [], 2s
[t2/logistic/s1] flip at item 2000
[t2/logistic/s1] item 2000/4000, rewards 1, open [], 2s
[t2/logistic/s1] item 2250/4000, rewards 55, open ['flip-k25', 'flip-k50'], 2s
[t2/logistic/s1] item 2500/4000, rewards 102, open ['flip-k100'], 2s
[t2/logistic/s1] item 2750/4000, rewards 150, open [], 2s
[t2/logistic/s1] item 3000/4000, rewards 194, open [], 3s
[t2/logistic/s1] item 3250/4000, rewards 247, open ['flip-k200'], 3s
[t2/logistic/s1] item 3500/4000, rewards 291, open [], 3s
[t2/logistic/s1] item 3750/4000, rewards 339, open [], 3s
[t2/logistic/s1] {
 "task": "t2",
 "arm": "logistic",
 "seed": 1,
 "n_items": 4000,
 "windows": {
  "k25": {
   "n": 200,
   "accuracy": 0.56,
   "spearman": 0.18235316162179285,
   "ece": 0.02405537627974776
  },
  "k50": {
   "n": 200,
   "accuracy": 0.51,
   "spearman": 0.2385698293804245,
   "ece": 0.057366007233764185
  },
  "k100": {
   "n": 200,
   "accuracy": 0.57,
   "spearman": 0.30240004911449175,
   "ece": 0.05894616368986212
  },
  "k200": {
   "n": 200,
   "accuracy": 0.675,
   "spearman": 0.44405051641395676,
   "ece": 0.14240320151836683
  },
  "flip-k25": {
   "n": 200,
   "accuracy": 0.31,
   "spearman": -0.44855474491012376,
   "ece": 0.2364556778548095
  },
  "flip-k50": {
   "n": 200,
   "accuracy": 0.36,
   "spearman": -0.4152276095017318,
   "ece": 0.1859545479286434
  },
  "flip-k100": {
   "n": 200,
   "accuracy": 0.37,
   "spearman": -0.41625181128319755,
   "ece": 0.17076737104398612
  },
  "flip-k200": {
   "n": 200,
   "accuracy": 0.46,
   "spearman": -0.31614394076838365,
   "ece": 0.06934308480195125
  }
 },
 "ece_raw_k100plus": 0.01849516519620401,
 "ece_isotonic_k100plus": 0.004719345238481595,
 "n_calib": 155,
 "one_seed_accuracy_all": 0.51225,
 "wall_s": 3.0154712200164795,
 "score_wall_s": 0.0,
 "n_scored": 0,
 "recall": {
  "n_sweet": 30,
  "n_bitter": 30,
  "sweet_trained": 0.48865431024942685,
  "bitter_trained": 0.47164801695553926,
  "gap": 0.017006293293887587
 }
}
