sst: 427 train sentences had no exact dictionary match and were left out
[t2/logistic/s4] 4000 items, 866 rewards, drive None
[t2/logistic/s4] item 0/4000, rewards 0, open [], 0s
[t2/logistic/s4] item 250/4000, rewards 57, open ['k25', 'k50'], 2s
[t2/logistic/s4] item 500/4000, rewards 107, open ['k100'], 2s
[t2/logistic/s4] item 750/4000, rewards 172, open [], 2s
[t2/logistic/s4] item 1000/4000, rewards 231, open ['k200'], 2s
[t2/logistic/s4] item 1250/4000, rewards 280, open [], 2s
[t2/logistic/s4] item 1500/4000, rewards 333, open [], 2s
[t2/logistic/s4] item 1750/4000, rewards 379, open [], 2s
[t2/logistic/s4] flip at item 2000
[t2/logistic/s4] item 2000/4000, rewards 0, open [], 2s
[t2/logistic/s4] item 2250/4000, rewards 57, open ['flip-k25', 'flip-k50'], 2s
[t2/logistic/s4] item 2500/4000, rewards 112, open ['flip-k100'], 2s
[t2/logistic/s4] item 2750/4000, rewards 165, open [], 2s
[t2/logistic/s4] item 3000/4000, rewards 225, open ['flip-k200'], 3s
[t2/logistic/s4] item 3250/4000, rewards 276, open [], 3s
[t2/logistic/s4] item 3500/4000, rewards 333, open [], 3s
[t2/logistic/s4] item 3750/4000, rewards 381, open [], 3s
[t2/logistic/s4] {
 "task": "t2",
 "arm": "logistic",
 "seed": 4,
 "n_items": 4000,
 "windows": {
  "k25": {
   "n": 200,
   "accuracy": 0.46,
   "spearman": 0.1567152594221451,
   "ece": 0.12093570731367712
  },
  "k50": {
   "n": 200,
   "accuracy": 0.49,
   "spearman": 0.34022244489178066,
   "ece": 0.06251337634447812
  },
  "k100": {
   "n": 200,
   "accuracy": 0.615,
   "spearman": 0.5139133250238864,
   "ece": 0.09553319720142753
  },
  "k200": {
   "n": 200,
   "accuracy": 0.505,
   "spearman": 0.4513584207759728,
   "ece": 0.13483453758570746
  },
  "flip-k25": {
   "n": 200,
   "accuracy": 0.28,
   "spearman": -0.4274442359931215,
   "ece": 0.27323211078291787
  },
  "flip-k50": {
   "n": 200,
   "accuracy": 0.295,
   "spearman": -0.4004787303334947,
   "ece": 0.25484266778793796
  },
  "flip-k100": {
   "n": 200,
   "accuracy": 0.33,
   "spearman": -0.4042193927600553,
   "ece": 0.20970475670627134
  },
  "flip-k200": {
   "n": 200,
   "accuracy": 0.37,
   "spearman": -0.45391332598188805,
   "ece": 0.16599706619318672
  }
 },
 "ece_raw_k100plus": 0.10256838755198325,
 "ece_isotonic_k100plus": 0.026250000000000002,
 "n_calib": 156,
 "one_seed_accuracy_all": 0.467,
 "wall_s": 3.1197400093078613,
 "score_wall_s": 0.0,
 "n_scored": 0,
 "recall": {
  "n_sweet": 30,
  "n_bitter": 30,
  "sweet_trained": 0.492016402471494,
  "bitter_trained": 0.486003042148216,
  "gap": 0.006013360323277983
 }
}
