Warning: You are sending unauthenticated requests to the HF Hub. Please set a HF_TOKEN to enable higher rate limits and faster downloads.
Loading weights:   0%|          | 0/398 [00:00<?, ?it/s]Loading weights: 100%|██████████| 398/398 [00:00<00:00, 14340.86it/s]
sst: 427 train sentences had no exact dictionary match and were left out
[t3/real/s1] 900 items, 196 rewards, drive {'glomeruli': ['D', 'DA1', 'DA2', 'DA3', 'DA4l', 'DA4m', 'DC1', 'DC2', 'DC3', 'DC4', 'DL1', 'DL2d', 'DL2v', 'DL3', 'DL4', 'DL5', 'DM1', 'DM2', 'DM3', 'DM4', 'DM5', 'DM6', 'DP1l', 'DP1m', 'V', 'VA1d', 'VA1v', 'VA2', 'VA3', 'VA4', 'VA5', 'VA6', 'VA7l', 'VA7m', 'VC1', 'VC2', 'VC3', 'VC4', 'VC5', 'VL1', 'VL2a', 'VL2p', 'VM1', 'VM2', 'VM3', 'VM4', 'VM5d', 'VM5v', 'VM6l', 'VM6m', 'VM6v', 'VM7d', 'VM7v'], 'norm': 0.10193097508578912, 'scale_hz': 183.84308120910728, 'seed': 0, 'mu': [0.004260915797203779, -0.0038118509110063314, 0.005145706702023745, -0.003945935517549515, -0.0019934847950935364, 0.008490259759128094, 0.005157594569027424, -0.014989720657467842, -0.011083400808274746, -0.006482257973402739, -0.005146886687725782, 0.006813208106905222, 5.2683120884466916e-05, 0.002852081786841154, -0.010854092426598072, 0.0007375601562671363, -0.025667836889624596, 0.011429990641772747, 0.007509154733270407, -0.00676523195579648, -0.01408589817583561, -0.011765100993216038, 0.006262029055505991, -0.01128378789871931, 0.000612541800364852, -0.004313103388994932, -0.005008620209991932, -0.007232488598674536, 0.004785042256116867, -0.009051927365362644, 0.011049625463783741, -0.0017435289919376373, -0.004792133811861277, -0.0017238367581740022, -0.007384574040770531, -0.004174061119556427, 0.009498701430857182, -0.0059685842134058475, 0.0015187399694696069, 0.01793413981795311, 0.0019433163106441498, 0.0022240846883505583, 0.00010766018385766074, 0.0033074351958930492, -0.00768935726955533, 0.01095489226281643, 0.00431204866617918, 0.000522140646353364, -0.009585076943039894, -0.010679273866117, 0.005804021377116442, -0.005388891790062189, 0.00016093462181743234, -0.0020161806605756283, 0.003517327131703496, 0.0026169742923229933, -0.002044643508270383, -0.00569967832416296, -0.002195737324655056, -0.004886510781943798, -0.00630607083439827, 0.005565266590565443, -0.009360563941299915, 0.008641351014375687, -0.004434212576597929, -0.005674473010003567, 0.00791801419109106, -0.0020735296420753, 0.00926273874938488, -0.0019793969113379717, 0.01184034999459982, -0.0018234557937830687, 0.00015457683184649795, 0.010886128060519695, -0.0006977220764383674, -0.005223465152084827, 0.004195540212094784, 0.009159320034086704, -0.004419467877596617, 0.0057087792083621025, 0.005542947445064783, 0.012392950244247913, -0.00038096352363936603, 0.004408420063555241, 0.0065407115034759045, 0.01141138281673193, 0.007245776243507862, -0.001064820564351976, -0.008914748206734657, -0.002660992555320263, 0.009740710258483887, -0.007646817713975906, -0.13135352730751038, -0.002312654396519065, -0.002462411765009165, 0.0028002902399748564, -0.0005706615629605949, -0.0024453678634017706, 0.011388150975108147, -0.009478028863668442, -0.002242575865238905, -0.010170573368668556, 0.006268843077123165, -0.005214322358369827, -0.010599631816148758, -0.01073443703353405, -0.01699569821357727, -0.0002877467777580023, -0.001340071321465075, 0.0003143489302601665, -0.0014828823041170835, 0.03882601484656334, 0.00515101058408618, -0.000653392868116498, 0.0013582418905571103, 0.004749339539557695, -0.0004278625128790736, -0.012625770643353462, 0.00430270517244935, -0.002581006148830056, -0.013041661120951176, -0.03286253288388252, 0.0032786566298455, 0.003769908333197236, 0.007270633243024349, -0.001318919938057661, 0.010298210196197033, 0.005701277870684862, 0.009059726260602474, -0.0017224528128281236, 0.003727874718606472, -0.011270283721387386, 0.017275327816605568, 0.5825881958007812, 0.007651337422430515, -0.0010878924513235688, -0.005514220800250769, 0.017152907326817513, 0.006630494724959135, 0.003558499738574028, -0.004066869616508484, -0.0027571318205446005, -0.0027589891105890274, 0.004245665390044451, -0.011202258989214897, 0.004640405066311359, 0.012773962691426277, 0.015352554619312286, -0.010765494778752327, 0.0026097099762409925, 0.008837343193590641, 0.0004411355475895107, 0.016877083107829094, 0.006476528011262417, 0.004790363367646933, 0.008501866832375526, 0.011230685748159885, -0.006278006825596094, 0.004899208899587393, -0.0062663014978170395, -0.006166703067719936, 0.0054064528085291386, -0.003987643402069807, -0.00981974322348833, 0.014587647281587124, -0.004958512727171183, -0.015220753848552704, -0.002104923827573657, 0.014846637845039368, -0.005212684161961079, 0.000325124419759959, -0.0040955692529678345, 0.004556285683065653, -0.006734834052622318, 0.007504030130803585, -0.007815715856850147, 0.009433602914214134, 0.0014802302466705441, -0.012474535033106804, -0.004581743851304054, 1.613902350072749e-05, -0.0031418916769325733, -0.0026662684977054596, -0.003068084828555584, -0.00010944459063466638, 0.004349163267761469, 0.00757545605301857, -0.0025420805905014277, 0.009139098227024078, -0.0007098573260009289, -0.0037239212542772293, 0.009537076577544212, -0.0034711190965026617, 0.0043190461583435535, 0.006414202507585287, -0.003187719499692321, -0.0034404583275318146, -0.008202893659472466, -3.876330083585344e-05, -0.007869431748986244, 0.005162504967302084, -0.01067427545785904, -0.006062480621039867, 0.00428465660661459, 0.006565418094396591, 0.0007853914867155254, -0.003246682696044445, -0.0042770178988575935, -0.0030555077828466892, 0.008779460564255714, 0.004908489063382149, 0.0005297410534694791, 0.0008617935818620026, 0.011068888008594513, -0.008771367371082306, -0.00035649252822622657, 0.008011652156710625, -0.0055084265768527985, -0.005809222813695669, -0.005260283127427101, 0.005271471105515957, 0.0037110319826751947, 0.0016467822715640068, 0.00891911517828703, -0.016591424122452736, -0.01034644152969122, 0.004580671899020672, 0.0006886289338581264, -0.003201480722054839, -0.008525763638317585, 0.006575732491910458, 8.441761019639671e-05, -0.001596897724084556, 0.007968707010149956, 0.002902223728597164, -0.004213885869830847, -0.004984680097550154, -0.004307570867240429, -0.0006915730191394687, -0.00649583013728261, 0.0010613591875880957, -0.0016779027646407485, -0.008324963040649891, 0.00033821817487478256, 0.004552063532173634, -0.022868303582072258, 0.006985291372984648, 0.014849252067506313, 0.003333671484142542, -0.006708636414259672, -0.005598708055913448, -0.011136755347251892, 0.0034946880768984556, 0.0009873728267848492, -0.0021086460910737514, 0.0024558522272855043, 0.003121372312307358, 0.0025585147086530924, -0.0236224252730608, 0.004570461343973875, 0.006019966211169958, 0.0005433004116639495, -0.00023150919878389686, -0.00357847404666245, -0.007519166450947523, 0.005272515118122101, -0.01673162914812565, -0.00040537191671319306, -0.00377493049018085, 0.0032252303790301085, 0.0018640722846612334, 0.005459336563944817, 0.003896285081282258, -0.007343036122620106, -0.0029425560496747494, 0.002352425130084157, 0.0033911834470927715, 0.004222821444272995, -0.010472919791936874, -0.006505910307168961, -0.007385022472590208, 0.009337499737739563, -0.009420821443200111, -0.00424338411539793, 0.0002543962327763438, 0.009126256220042706, -0.021371858194470406, -0.0017498056404292583, 0.0021876394748687744, -0.0030307164415717125, 0.0017751209670677781, -0.009497332386672497, 0.003245243104174733, 0.011016062460839748, -0.004619583487510681, -3.61288184649311e-05, 0.010414335876703262, 0.0008114969241432846, -0.008324524387717247, 0.0005552186048589647, -0.001311484375037253, 0.0010914284503087401, 0.01886826939880848, 0.013622286729514599, 0.0016011600382626057, -0.0022471111733466387, -0.02160797081887722, 0.0023691989481449127, -0.008456817828118801, -0.013135180808603764, 0.0026731325779110193, -0.011679458431899548, 0.5816789865493774, 0.0023833708837628365, 0.007717623841017485, 0.005977786146104336, -0.009917750023305416, -0.039296746253967285, -0.01293924544006586, 0.019341379404067993, -0.003516743890941143, -0.0018491634400561452, 0.004380953032523394, 0.004835175815969706, 0.004499474540352821, 0.0029170135967433453, 0.006519773509353399, -0.006902879104018211, 0.005500661674886942, -0.19852611422538757, -0.005148242227733135, 0.0030747451819479465, 0.0016766950720921159, -0.0033980165608227253, -0.008303702808916569, 0.0002880370884668082, -0.007816769182682037, 0.0012741292594000697, -0.008229766972362995, -0.0036179719027131796, 0.00032813282450661063, -0.005711900535970926, -0.003964602947235107, -0.0015336276264861226, -0.012656900100409985, -0.010752417147159576, 0.005610860418528318, -0.011004433035850525, 0.010226205922663212, -0.003837703727185726, 0.006464882753789425, 0.006821092218160629, 0.0014798288466408849, -0.0007206727750599384, 0.0010960401268675923, 0.00753414910286665, 0.0033490313217043877, -0.01122875977307558, 0.010706030763685703, -0.0008062613196671009, -0.017599470913410187, 0.008675445802509785, 0.006817743182182312, 0.016582796350121498, -0.026608485728502274, 0.0025550457648932934, -0.005051840096712112, 0.006831059232354164, 0.005822930950671434, 0.001458137296140194, 0.00029674178222194314, -0.0028480514883995056, 0.0035769762471318245, 0.010949053801596165, -0.004140304867178202, -0.002781923860311508, 0.004461688920855522, -0.00372690730728209, -0.005093548446893692, 0.0015486821066588163, 0.0007522180094383657, -0.029587717726826668, 0.0003248441207688302, 0.000614743388723582, -0.003337329486384988, 0.007811929099261761, 0.000913971452973783, 0.003618026152253151, 0.006882709451019764, 0.013141974806785583, 0.005175531841814518, -0.0068138362839818, 0.00036830120370723307, -0.011522815562784672, -0.005780636332929134, -0.0006288769654929638, 0.006064645946025848, -0.024310052394866943, 0.0015268424758687615, -0.0023187731858342886, -0.0013338321587070823, 0.006375602912157774, -0.02741398848593235, -0.004192162770777941, 0.0021119157318025827, 0.0007187334704212844, 0.003215760225430131, 0.006714154034852982, -0.0022690470796078444, -0.004591446835547686, -0.009604353457689285, -0.015112324617803097, 0.00854230672121048, -0.00030329247238114476, -0.006269702222198248, 0.008350633084774017, -0.008422053419053555, 0.006177500355988741, 0.0008497966337017715, -0.010851170867681503, 0.007196718826889992, -0.01582312397658825, -0.0062153758481144905, 0.017804378643631935, -0.0074504972435534, -0.0031435450073331594, 0.00647100992500782, -0.002213698346167803, 0.01485348679125309, -0.011178432032465935, -0.007595575414597988, -0.005457691382616758, -0.025635741651058197, 0.00970424059778452, -0.003546037245541811, 0.005781825166195631, -0.006737663876265287, -0.0004600875254254788, 0.009095288813114166, -0.0047834631986916065, -0.0017510968027636409, 0.00433705747127533, 0.0037870381493121386, 0.007119330577552319, 0.008910799399018288, -0.003741918597370386, 0.005053348373621702, -0.010171332396566868, 0.006999974604696035, -0.006102094426751137, -0.0024370828177779913, -0.004817188251763582, 0.0028568506240844727, 0.006403396837413311, 0.006109541282057762, -0.013107377104461193, 0.0029315133579075336, -0.009066138416528702, -0.008296467363834381, 0.01034510973840952, 0.0009652994922362268, -0.0019259921973571181, 0.007139064371585846, 0.00495921028777957, 0.007425599731504917, -0.0015835573431104422, -0.008062347769737244, -0.0023306943476200104, -0.005505203735083342, -0.0014526646118611097, 0.009653186425566673, -0.003923709038645029, -0.0020764691289514303, 0.007009045220911503, 0.0020107883028686047, 0.004883697722107172, 0.0005678207380697131, -0.006412724032998085, -0.0016509892884641886, -0.0021879863925278187, -0.002706434577703476, -0.08393540978431702, 0.008840532973408699, -0.008154635317623615, -0.008332164026796818, -0.007189461030066013, 0.0037652580067515373, -0.003748944727703929, -0.0061503443866968155, 0.009184828028082848, 0.006346396170556545, 0.004135100170969963, -0.0027108476497232914, -0.028644660487771034, 0.005133053287863731, -0.005384876858443022, 0.0005118554108776152, 3.719552478287369e-05, -0.004442074801772833, 0.011352899484336376, -0.01649242639541626, 0.003649322548881173, 0.004987548105418682, -0.00020309389219619334, 0.03278148174285889, -0.009984046220779419, 0.002856337698176503, -0.006827387493103743, -0.008887865580618382, -0.01302096713334322, -0.0015723961405456066, 0.007832052186131477]}
[t3/real/s1] item 0/900, rewards 0, open [], 1s
[t3/real/s1] item 250/900, rewards 52, open ['k50'], 699s
[t3/real/s1] item 500/900, rewards 105, open ['k100'], 1415s
[t3/real/s1] item 750/900, rewards 156, open [], 2035s
[t3/real/s1] {
 "task": "t3",
 "arm": "real",
 "seed": 1,
 "n_items": 900,
 "windows": {
  "k25": {
   "n": 100,
   "accuracy": 0.61,
   "spearman": 0.3455727041677508,
   "ece": 0.35625
  },
  "k50": {
   "n": 100,
   "accuracy": 0.66,
   "spearman": 0.381642744014811,
   "ece": 0.29625
  },
  "k100": {
   "n": 100,
   "accuracy": 0.69,
   "spearman": 0.2439647878844973,
   "ece": 0.31
  }
 },
 "ece_raw_k100plus": 0.31,
 "ece_isotonic_k100plus": 0.14090909090909104,
 "n_calib": 46,
 "one_seed_accuracy_all": 0.6311111111111111,
 "wall_s": 2195.5701501369476,
 "score_wall_s": 1503.0784895420074,
 "n_scored": 340,
 "recall": {
  "n_sweet": 30,
  "n_bitter": 30,
  "sweet_trained": 0.5070954091009053,
  "bitter_trained": 0.43813101667014054,
  "gap": 0.0689643924307648
 }
}
