{
 "n": 900,
 "accuracy": 0.6577777777777778,
 "spearman": 0.0714943876397959,
 "rows": [
  {
   "id": "oasis-Acorns 1",
   "label": 0.61437908496732,
   "score": 0.5426463017638268,
   "sure": 1.0
  },
  {
   "id": "oasis-Acorns 2",
   "label": 0.5866013071895417,
   "score": 0.5385838497666802,
   "sure": 1.0
  },
  {
   "id": "oasis-Acorns 3",
   "label": 0.6258169934640517,
   "score": 0.5525381294157548,
   "sure": 1.0
  },
  {
   "id": "oasis-Alcohol 1",
   "label": 0.6141975308641983,
   "score": 0.5389369016792102,
   "sure": 1.0
  },
  {
   "id": "oasis-Alcohol 2",
   "label": 0.5416666666666666,
   "score": 0.5444677691213148,
   "sure": 1.0
  },
  {
   "id": "oasis-Alcohol 3",
   "label": 0.5277777777777782,
   "score": 0.5485355040439913,
   "sure": 1.0
  },
  {
   "id": "oasis-Alcohol 4",
   "label": 0.6280864197530867,
   "score": 0.5492936855650743,
   "sure": 1.0
  },
  {
   "id": "oasis-Alcohol 5",
   "label": 0.7222222222222218,
   "score": 0.5559448931046327,
   "sure": 1.0
  },
  {
   "id": "oasis-Alcohol 6",
   "label": 0.5895061728395067,
   "score": 0.5491021827751645,
   "sure": 1.0
  },
  {
   "id": "oasis-Alcohol 7",
   "label": 0.57920792079208,
   "score": 0.5528925616015762,
   "sure": 1.0
  },
  {
   "id": "oasis-Alcohol 8",
   "label": 0.7458745874587467,
   "score": 0.5485930912178294,
   "sure": 1.0
  },
  {
   "id": "oasis-Ambulance 1",
   "label": 0.22222222222222165,
   "score": 0.5046202850158007,
   "sure": 0.875
  }
 ]
}
wrote /Users/nickd/projects/bosco/runs/gate-b2/t1-hash-s2/t4.json
