{
 "n": 900,
 "accuracy": 0.6555555555555556,
 "spearman": 0.008201369036703104,
 "rows": [
  {
   "id": "oasis-Acorns 1",
   "label": 0.61437908496732,
   "score": 0.5432176888333834,
   "sure": 1.0
  },
  {
   "id": "oasis-Acorns 2",
   "label": 0.5866013071895417,
   "score": 0.5256740747235004,
   "sure": 1.0
  },
  {
   "id": "oasis-Acorns 3",
   "label": 0.6258169934640517,
   "score": 0.5471662872763617,
   "sure": 1.0
  },
  {
   "id": "oasis-Alcohol 1",
   "label": 0.6141975308641983,
   "score": 0.5399763223544063,
   "sure": 1.0
  },
  {
   "id": "oasis-Alcohol 2",
   "label": 0.5416666666666666,
   "score": 0.5414552358413323,
   "sure": 1.0
  },
  {
   "id": "oasis-Alcohol 3",
   "label": 0.5277777777777782,
   "score": 0.5444782964975969,
   "sure": 1.0
  },
  {
   "id": "oasis-Alcohol 4",
   "label": 0.6280864197530867,
   "score": 0.5474296008594068,
   "sure": 1.0
  },
  {
   "id": "oasis-Alcohol 5",
   "label": 0.7222222222222218,
   "score": 0.5482485470614453,
   "sure": 1.0
  },
  {
   "id": "oasis-Alcohol 6",
   "label": 0.5895061728395067,
   "score": 0.5593794795569271,
   "sure": 1.0
  },
  {
   "id": "oasis-Alcohol 7",
   "label": 0.57920792079208,
   "score": 0.5602327051399703,
   "sure": 1.0
  },
  {
   "id": "oasis-Alcohol 8",
   "label": 0.7458745874587467,
   "score": 0.5455068682014459,
   "sure": 1.0
  },
  {
   "id": "oasis-Ambulance 1",
   "label": 0.22222222222222165,
   "score": 0.558063244499571,
   "sure": 1.0
  }
 ]
}
wrote /Users/nickd/projects/bosco/runs/gate-b2/t1-hash-s5/t4.json
