{
 "n": 900,
 "accuracy": 0.6444444444444445,
 "spearman": 0.013220488730391002,
 "rows": [
  {
   "id": "oasis-Acorns 1",
   "label": 0.61437908496732,
   "score": 0.5497552487779305,
   "sure": 1.0
  },
  {
   "id": "oasis-Acorns 2",
   "label": 0.5866013071895417,
   "score": 0.5565831566819417,
   "sure": 1.0
  },
  {
   "id": "oasis-Acorns 3",
   "label": 0.6258169934640517,
   "score": 0.528966841714608,
   "sure": 1.0
  },
  {
   "id": "oasis-Alcohol 1",
   "label": 0.6141975308641983,
   "score": 0.536128728986745,
   "sure": 1.0
  },
  {
   "id": "oasis-Alcohol 2",
   "label": 0.5416666666666666,
   "score": 0.523799976035654,
   "sure": 1.0
  },
  {
   "id": "oasis-Alcohol 3",
   "label": 0.5277777777777782,
   "score": 0.5320773636526662,
   "sure": 1.0
  },
  {
   "id": "oasis-Alcohol 4",
   "label": 0.6280864197530867,
   "score": 0.5310508836689404,
   "sure": 1.0
  },
  {
   "id": "oasis-Alcohol 5",
   "label": 0.7222222222222218,
   "score": 0.5354342059515893,
   "sure": 1.0
  },
  {
   "id": "oasis-Alcohol 6",
   "label": 0.5895061728395067,
   "score": 0.5330550558639857,
   "sure": 1.0
  },
  {
   "id": "oasis-Alcohol 7",
   "label": 0.57920792079208,
   "score": 0.530359196067674,
   "sure": 1.0
  },
  {
   "id": "oasis-Alcohol 8",
   "label": 0.7458745874587467,
   "score": 0.5312949426680287,
   "sure": 1.0
  },
  {
   "id": "oasis-Ambulance 1",
   "label": 0.22222222222222165,
   "score": 0.4972558327298111,
   "sure": 1.0
  }
 ]
}
wrote /Users/nickd/projects/bosco/runs/gate-b2/t1-real-s2/t4.json
