{
 "rows": [
  {
   "kind": "text",
   "text": "I fucking hate you",
   "expect": "near 0",
   "score": 0.44179384522441434,
   "sure": 1.0
  },
  {
   "kind": "text",
   "text": "I hate you",
   "expect": "below 0.5, above the one before",
   "score": 0.4854560502184161,
   "sure": 0.875
  },
  {
   "kind": "text",
   "text": "I don't know",
   "expect": "about 0.5",
   "score": 0.4346314705323644,
   "sure": 1.0
  },
  {
   "kind": "text",
   "text": "I love you",
   "expect": "above 0.5",
   "score": 0.5685499992820409,
   "sure": 1.0
  },
  {
   "kind": "text",
   "text": "I fucking love you",
   "expect": "near 1, above the one before",
   "score": 0.41991637886110855,
   "sure": 1.0
  },
  {
   "kind": "image",
   "about": "a photograph of a sweet",
   "missing": "/Users/nickd/projects/bosco/data/probes/sweet.jpg"
  },
  {
   "kind": "image",
   "about": "a photograph of rotting fruit",
   "missing": "/Users/nickd/projects/bosco/data/probes/rot.jpg"
  },
  {
   "kind": "mixture",
   "about": "congruent? no: sweet words, bitter picture",
   "missing": "/Users/nickd/projects/bosco/data/probes/rot.jpg"
  },
  {
   "kind": "mixture",
   "about": "bitter words, sweet picture",
   "missing": "/Users/nickd/projects/bosco/data/probes/sweet.jpg"
  }
 ]
}
wrote /Users/nickd/projects/bosco/runs/gate-b2/t1-real-s2/t5.json
