{
 "rows": [
  {
   "kind": "text",
   "text": "I fucking hate you",
   "expect": "near 0",
   "score": 0.44053199572778445,
   "sure": 1.0
  },
  {
   "kind": "text",
   "text": "I hate you",
   "expect": "below 0.5, above the one before",
   "score": 0.40924969762045726,
   "sure": 1.0
  },
  {
   "kind": "text",
   "text": "I don't know",
   "expect": "about 0.5",
   "score": 0.5376307929370648,
   "sure": 1.0
  },
  {
   "kind": "text",
   "text": "I love you",
   "expect": "above 0.5",
   "score": 0.5026793984373036,
   "sure": 0.5
  },
  {
   "kind": "text",
   "text": "I fucking love you",
   "expect": "near 1, above the one before",
   "score": 0.48915140136397495,
   "sure": 1.0
  },
  {
   "kind": "image",
   "about": "a photograph of a sweet",
   "missing": "/Users/nickd/projects/bosco/data/probes/sweet.jpg"
  },
  {
   "kind": "image",
   "about": "a photograph of rotting fruit",
   "missing": "/Users/nickd/projects/bosco/data/probes/rot.jpg"
  }
 ]
}
wrote /Users/nickd/projects/bosco/runs/gate-b2/t1-hash-s4/t6.json
