{
 "rows": [
  {
   "kind": "text",
   "text": "I fucking hate you",
   "expect": "near 0",
   "score": 0.5001513891543461,
   "sure": 0.625
  },
  {
   "kind": "text",
   "text": "I hate you",
   "expect": "below 0.5, above the one before",
   "score": 0.5150158902308665,
   "sure": 0.875
  },
  {
   "kind": "text",
   "text": "I don't know",
   "expect": "about 0.5",
   "score": 0.5681813483958815,
   "sure": 1.0
  },
  {
   "kind": "text",
   "text": "I love you",
   "expect": "above 0.5",
   "score": 0.5517549347616804,
   "sure": 1.0
  },
  {
   "kind": "text",
   "text": "I fucking love you",
   "expect": "near 1, above the one before",
   "score": 0.5313969727199995,
   "sure": 1.0
  },
  {
   "kind": "image",
   "about": "a photograph of a sweet",
   "missing": "/Users/nickd/projects/bosco/data/probes/sweet.jpg"
  },
  {
   "kind": "image",
   "about": "a photograph of rotting fruit",
   "missing": "/Users/nickd/projects/bosco/data/probes/rot.jpg"
  }
 ]
}
wrote /Users/nickd/projects/bosco/runs/gate-b2/t1-hash-s3/t6.json
