{
 "rows": [
  {
   "kind": "text",
   "text": "I fucking hate you",
   "expect": "near 0",
   "score": 0.48828196951874425,
   "sure": 1.0
  },
  {
   "kind": "text",
   "text": "I hate you",
   "expect": "below 0.5, above the one before",
   "score": 0.5124724650326532,
   "sure": 0.75
  },
  {
   "kind": "text",
   "text": "I don't know",
   "expect": "about 0.5",
   "score": 0.5712481015691991,
   "sure": 1.0
  },
  {
   "kind": "text",
   "text": "I love you",
   "expect": "above 0.5",
   "score": 0.6165135362407594,
   "sure": 1.0
  },
  {
   "kind": "text",
   "text": "I fucking love you",
   "expect": "near 1, above the one before",
   "score": 0.5176042856073785,
   "sure": 1.0
  },
  {
   "kind": "image",
   "about": "a photograph of a sweet",
   "missing": "/Users/nickd/projects/bosco/data/probes/sweet.jpg"
  },
  {
   "kind": "image",
   "about": "a photograph of rotting fruit",
   "missing": "/Users/nickd/projects/bosco/data/probes/rot.jpg"
  }
 ]
}
wrote /Users/nickd/projects/bosco/runs/gate-b2/t1-real-s3/t6.json
