sst: 427 train sentences had no exact dictionary match and were left out
[hash/s1] training 0/1600 at 0.0 h (0s)
[hash/s1] training 200/1600 at 1.3 h (104s)
[hash/s1] training 400/1600 at 2.2 h (211s)
[hash/s1] training 600/1600 at 3.0 h (319s)
[hash/s1] training 800/1600 at 3.7 h (428s)
[hash/s1] training 1000/1600 at 4.7 h (537s)
[hash/s1] training 1200/1600 at 24.0 h (647s)
[hash/s1] training 1400/1600 at 25.7 h (757s)
[hash/s1] trained; test at 27.33 h (866s)
[hash/s1] recall 0/60 (870s)
[hash/s1] heldout 0/400 (1134s)
[hash/s1] heldout 100/400 (1575s)
[hash/s1] heldout 200/400 (2015s)
[hash/s1] heldout 300/400 (2456s)
[hash/s1] pictures 0/300 (2897s)
[hash/s1] pictures 100/300 (3342s)
[hash/s1] pictures 200/300 (3787s)
[hash/s1] probes 0/7 (4228s)
[hash/s1] done (4252s)
