sst: 427 train sentences had no exact dictionary match and were left out
[shuffle/s1] training 0/1600 at 0.0 h (0s)
[shuffle/s1] training 200/1600 at 1.3 h (102s)
[shuffle/s1] training 400/1600 at 2.2 h (208s)
[shuffle/s1] training 600/1600 at 3.0 h (315s)
[shuffle/s1] training 800/1600 at 3.7 h (422s)
[shuffle/s1] training 1000/1600 at 4.7 h (530s)
[shuffle/s1] training 1200/1600 at 24.0 h (638s)
[shuffle/s1] training 1400/1600 at 25.7 h (747s)
[shuffle/s1] trained; test at 27.33 h (854s)
[shuffle/s1] recall 0/60 (858s)
[shuffle/s1] heldout 0/400 (1119s)
[shuffle/s1] heldout 100/400 (1554s)
[shuffle/s1] heldout 200/400 (1989s)
[shuffle/s1] heldout 300/400 (2424s)
[shuffle/s1] pictures 0/300 (2860s)
[shuffle/s1] pictures 100/300 (3291s)
[shuffle/s1] pictures 200/300 (3723s)
[shuffle/s1] probes 0/7 (4154s)
[shuffle/s1] done (4181s)
