sst: 427 train sentences had no exact dictionary match and were left out
[shuffle/s2] training 0/1600 at 0.0 h (0s)
[shuffle/s2] training 200/1600 at 1.3 h (102s)
[shuffle/s2] training 400/1600 at 2.2 h (208s)
[shuffle/s2] training 600/1600 at 3.0 h (315s)
[shuffle/s2] training 800/1600 at 3.7 h (422s)
[shuffle/s2] training 1000/1600 at 4.7 h (530s)
[shuffle/s2] training 1200/1600 at 24.0 h (638s)
[shuffle/s2] training 1400/1600 at 25.7 h (746s)
[shuffle/s2] trained; test at 27.33 h (854s)
[shuffle/s2] recall 0/60 (858s)
[shuffle/s2] heldout 0/400 (1118s)
[shuffle/s2] heldout 100/400 (1554s)
[shuffle/s2] heldout 200/400 (1988s)
[shuffle/s2] heldout 300/400 (2423s)
[shuffle/s2] pictures 0/300 (2858s)
[shuffle/s2] pictures 100/300 (3290s)
[shuffle/s2] pictures 200/300 (3721s)
[shuffle/s2] probes 0/7 (4152s)
[shuffle/s2] done (4179s)
