{
 "summary": {
  "bal_acc": {
   "mean": 0.7246340836174209,
   "p5": 0.7050590401013677,
   "p95": 0.744871532465685
  },
  "recall_yes": {
   "mean": 0.7432814710042432,
   "p5": 0.7054457910194948,
   "p95": 0.7818621469115054
  },
  "recall_no": {
   "mean": 0.7059866962305986,
   "p5": 0.6596225513130861,
   "p95": 0.751454532507299
  },
  "T1_margin_vs_logistic": {
   "mean": -0.009877782203307395,
   "p5": -0.026967948611531067,
   "p95": 0.007104518031549776
  },
  "T2_drop_minus_bar": {
   "mean": 0.013951042316775214,
   "p5": -0.007614206582396702,
   "p95": 0.0350792595255958
  },
  "reset_bal_acc": {
   "mean": 0.54220747858758,
   "p5": 0.5213954234627753,
   "p95": 0.5642072505307499
  },
  "T3_flipped_share": {
   "mean": 0.8091152815013405,
   "p5": 0.7766058981233243,
   "p95": 0.8379839142091154
  },
  "T4_min_recall": {
   "mean": 0.6905713219405565,
   "p5": 0.6504390035021548,
   "p95": 0.7245188959325963
  },
  "T4_untrained_share_r2": {
   "mean": 0.14100717872964244,
   "p5": 0.11667516584379473,
   "p95": 0.16688657938764656
  },
  "T5_trained_read_sd": {
   "mean": 0.012036365146288655,
   "p5": 0.011634115373452962,
   "p95": 0.012405820476307545
  },
  "layered_bal_acc": {
   "mean": 0.7234663187573112,
   "p5": 0.7034874507198925,
   "p95": 0.7428677977270152
  },
  "layered_reset_bal_acc": {
   "mean": 0.5000707213578501,
   "p5": 0.5,
   "p95": 0.5002843029315928
  },
  "layered_read_sd": {
   "mean": 0.0016966611224238475,
   "p5": 0.0016383507615505936,
   "p95": 0.001752523380406251
  },
  "T6_real_minus_layered": {
   "mean": 0.0011677648601096991,
   "p5": -0.012801097212510031,
   "p95": 0.015828198500940156
  },
  "T7_read_sd_ratio": {
   "mean": 7.095511137437823,
   "p5": 6.925658320167289,
   "p95": 7.2706502803674296
  }
 },
 "checks": {
  "T1_learns": true,
  "T2_memory_is_the_learner": false,
  "T3_memory_carries_answer": false,
  "T4_recall_both_ge_0.5": true,
  "T4_untrained_share_le_0.2": true,
  "T5_L3_every_seed": true,
  "T5_L4_every_seed": true,
  "T5_L5_trained_read_sd_ge_0.01": true,
  "T7_real_carries_memory_ratio_ge_2": true
 }
}
