[topic-real] start kc 0.050 spread 2.27e-04 (23s)
[topic-real] ep 1 batch 0 loss 2.132 kc 0.123 (25s)
[topic-real] ep 1 batch 50 loss 1.322 kc 0.117 (88s)
[topic-real] ep 1 batch 100 loss 0.903 kc 0.106 (150s)
[topic-real] ep 1 batch 150 loss 0.863 kc 0.119 (212s)
[topic-real] ep 1 batch 200 loss 0.716 kc 0.109 (275s)
[topic-real] epoch 1: loss 0.913 val 0.726 (352s)
[topic-real] ep 2 batch 0 loss 0.821 kc 0.111 (354s)
[topic-real] ep 2 batch 50 loss 0.668 kc 0.104 (416s)
[topic-real] ep 2 batch 100 loss 0.616 kc 0.102 (479s)
[topic-real] ep 2 batch 150 loss 0.591 kc 0.105 (541s)
[topic-real] ep 2 batch 200 loss 0.584 kc 0.111 (603s)
[topic-real] epoch 2: loss 0.606 val 0.764 (681s)
[topic-real] ep 3 batch 0 loss 0.706 kc 0.098 (682s)
[topic-real] ep 3 batch 50 loss 0.543 kc 0.100 (745s)
[topic-real] ep 3 batch 100 loss 0.579 kc 0.108 (807s)
[topic-real] ep 3 batch 150 loss 0.453 kc 0.101 (870s)
[topic-real] ep 3 batch 200 loss 0.489 kc 0.100 (932s)
[topic-real] epoch 3: loss 0.519 val 0.802 (1010s)
[topic-real] ep 4 batch 0 loss 0.359 kc 0.098 (1011s)
[topic-real] ep 4 batch 50 loss 0.437 kc 0.104 (1074s)
[topic-real] ep 4 batch 100 loss 0.428 kc 0.099 (1136s)
[topic-real] ep 4 batch 150 loss 0.463 kc 0.113 (1198s)
[topic-real] ep 4 batch 200 loss 0.474 kc 0.104 (1261s)
[topic-real] epoch 4: loss 0.456 val 0.838 (1339s)
[topic-real] done (1339s)
exit 0
