[intent_massive-layered] start kc 0.050 spread 2.18e-04 (25s)
[intent_massive-layered] ep 1 batch 0 loss 2.656 kc 0.132 (27s)
[intent_massive-layered] ep 1 batch 50 loss 1.979 kc 0.115 (90s)
[intent_massive-layered] ep 1 batch 100 loss 1.635 kc 0.103 (154s)
[intent_massive-layered] ep 1 batch 150 loss 1.465 kc 0.101 (217s)
[intent_massive-layered] ep 1 batch 200 loss 1.231 kc 0.102 (280s)
[intent_massive-layered] epoch 1: loss 1.490 val 0.138 (413s)
[intent_massive-layered] ep 2 batch 0 loss 1.173 kc 0.126 (415s)
[intent_massive-layered] ep 2 batch 50 loss 0.938 kc 0.101 (478s)
[intent_massive-layered] ep 2 batch 100 loss 0.970 kc 0.106 (541s)
[intent_massive-layered] ep 2 batch 150 loss 0.873 kc 0.106 (605s)
[intent_massive-layered] ep 2 batch 200 loss 0.869 kc 0.108 (668s)
[intent_massive-layered] epoch 2: loss 0.890 val 0.259 (801s)
[intent_massive-layered] ep 3 batch 0 loss 1.089 kc 0.108 (802s)
[intent_massive-layered] ep 3 batch 50 loss 0.773 kc 0.098 (866s)
[intent_massive-layered] ep 3 batch 100 loss 0.780 kc 0.091 (929s)
[intent_massive-layered] ep 3 batch 150 loss 0.798 kc 0.101 (992s)
[intent_massive-layered] ep 3 batch 200 loss 0.680 kc 0.110 (1056s)
[intent_massive-layered] epoch 3: loss 0.742 val 0.276 (1189s)
[intent_massive-layered] ep 4 batch 0 loss 0.900 kc 0.103 (1190s)
[intent_massive-layered] ep 4 batch 50 loss 0.683 kc 0.110 (1253s)
[intent_massive-layered] ep 4 batch 100 loss 0.722 kc 0.094 (1317s)
[intent_massive-layered] ep 4 batch 150 loss 0.719 kc 0.113 (1380s)
[intent_massive-layered] ep 4 batch 200 loss 0.675 kc 0.096 (1443s)
[intent_massive-layered] epoch 4: loss 0.687 val 0.339 (1576s)
[intent_massive-layered] done (1576s)
exit 0
