[topic-layered] start kc 0.050 spread 1.83e-04 (25s)
[topic-layered] ep 1 batch 0 loss 2.827 kc 0.119 (27s)
[topic-layered] ep 1 batch 50 loss 1.919 kc 0.084 (90s)
[topic-layered] ep 1 batch 100 loss 1.487 kc 0.130 (154s)
[topic-layered] ep 1 batch 150 loss 1.194 kc 0.121 (217s)
[topic-layered] ep 1 batch 200 loss 0.918 kc 0.111 (280s)
[topic-layered] epoch 1: loss 1.276 val 0.714 (359s)
[topic-layered] ep 2 batch 0 loss 0.564 kc 0.088 (360s)
[topic-layered] ep 2 batch 50 loss 0.675 kc 0.098 (424s)
[topic-layered] ep 2 batch 100 loss 0.606 kc 0.097 (487s)
[topic-layered] ep 2 batch 150 loss 0.571 kc 0.112 (550s)
[topic-layered] ep 2 batch 200 loss 0.595 kc 0.108 (614s)
[topic-layered] epoch 2: loss 0.604 val 0.796 (693s)
[topic-layered] ep 3 batch 0 loss 0.998 kc 0.105 (694s)
[topic-layered] ep 3 batch 50 loss 0.481 kc 0.095 (757s)
[topic-layered] ep 3 batch 100 loss 0.531 kc 0.104 (821s)
[topic-layered] ep 3 batch 150 loss 0.494 kc 0.091 (884s)
[topic-layered] ep 3 batch 200 loss 0.425 kc 0.114 (947s)
[topic-layered] epoch 3: loss 0.484 val 0.829 (1026s)
[topic-layered] ep 4 batch 0 loss 0.258 kc 0.105 (1027s)
[topic-layered] ep 4 batch 50 loss 0.477 kc 0.101 (1091s)
[topic-layered] ep 4 batch 100 loss 0.405 kc 0.107 (1154s)
[topic-layered] ep 4 batch 150 loss 0.460 kc 0.103 (1217s)
[topic-layered] ep 4 batch 200 loss 0.439 kc 0.104 (1281s)
[topic-layered] epoch 4: loss 0.445 val 0.810 (1359s)
[topic-layered] done (1359s)
exit 0
