[intent_clinc-real] start kc 0.050 spread 3.04e-04 (23s)
[intent_clinc-real] ep 1 batch 0 loss 2.185 kc 0.135 (25s)
[intent_clinc-real] ep 1 batch 50 loss 1.210 kc 0.117 (88s)
[intent_clinc-real] ep 1 batch 100 loss 0.999 kc 0.101 (150s)
[intent_clinc-real] ep 1 batch 150 loss 0.868 kc 0.112 (213s)
[intent_clinc-real] ep 1 batch 200 loss 0.876 kc 0.103 (275s)
[intent_clinc-real] epoch 1: loss 0.961 val 0.210 (488s)
[intent_clinc-real] ep 2 batch 0 loss 0.535 kc 0.092 (490s)
[intent_clinc-real] ep 2 batch 50 loss 0.793 kc 0.094 (552s)
[intent_clinc-real] ep 2 batch 100 loss 0.790 kc 0.104 (614s)
[intent_clinc-real] ep 2 batch 150 loss 0.744 kc 0.099 (677s)
[intent_clinc-real] ep 2 batch 200 loss 0.728 kc 0.090 (739s)
[intent_clinc-real] epoch 2: loss 0.753 val 0.260 (953s)
[intent_clinc-real] ep 3 batch 0 loss 0.784 kc 0.096 (954s)
[intent_clinc-real] ep 3 batch 50 loss 0.623 kc 0.102 (1016s)
[intent_clinc-real] ep 3 batch 100 loss 0.728 kc 0.103 (1079s)
[intent_clinc-real] ep 3 batch 150 loss 0.718 kc 0.098 (1141s)
[intent_clinc-real] ep 3 batch 200 loss 0.705 kc 0.091 (1204s)
[intent_clinc-real] epoch 3: loss 0.698 val 0.263 (1417s)
[intent_clinc-real] ep 4 batch 0 loss 0.442 kc 0.084 (1418s)
[intent_clinc-real] ep 4 batch 50 loss 0.622 kc 0.083 (1481s)
[intent_clinc-real] ep 4 batch 100 loss 0.693 kc 0.082 (1543s)
[intent_clinc-real] ep 4 batch 150 loss 0.710 kc 0.087 (1606s)
[intent_clinc-real] ep 4 batch 200 loss 0.541 kc 0.098 (1668s)
[intent_clinc-real] epoch 4: loss 0.635 val 0.311 (1882s)
[intent_clinc-real] done (1882s)
exit 0
