[intent_massive-real] start kc 0.050 spread 2.14e-04 (23s)
[intent_massive-real] ep 1 batch 0 loss 2.191 kc 0.132 (25s)
[intent_massive-real] ep 1 batch 50 loss 1.504 kc 0.103 (88s)
[intent_massive-real] ep 1 batch 100 loss 1.154 kc 0.100 (150s)
[intent_massive-real] ep 1 batch 150 loss 1.150 kc 0.111 (213s)
[intent_massive-real] ep 1 batch 200 loss 1.069 kc 0.111 (275s)
[intent_massive-real] epoch 1: loss 1.184 val 0.267 (406s)
[intent_massive-real] ep 2 batch 0 loss 0.911 kc 0.103 (407s)
[intent_massive-real] ep 2 batch 50 loss 0.920 kc 0.108 (470s)
[intent_massive-real] ep 2 batch 100 loss 0.940 kc 0.106 (532s)
[intent_massive-real] ep 2 batch 150 loss 0.914 kc 0.099 (595s)
[intent_massive-real] ep 2 batch 200 loss 1.009 kc 0.101 (657s)
[intent_massive-real] epoch 2: loss 0.929 val 0.268 (788s)
[intent_massive-real] ep 3 batch 0 loss 0.912 kc 0.112 (789s)
[intent_massive-real] ep 3 batch 50 loss 0.856 kc 0.112 (852s)
[intent_massive-real] ep 3 batch 100 loss 0.914 kc 0.099 (914s)
[intent_massive-real] ep 3 batch 150 loss 0.892 kc 0.094 (977s)
[intent_massive-real] ep 3 batch 200 loss 0.837 kc 0.109 (1039s)
[intent_massive-real] epoch 3: loss 0.863 val 0.316 (1170s)
[intent_massive-real] ep 4 batch 0 loss 1.014 kc 0.111 (1171s)
[intent_massive-real] ep 4 batch 50 loss 0.816 kc 0.105 (1234s)
[intent_massive-real] ep 4 batch 100 loss 0.826 kc 0.123 (1296s)
[intent_massive-real] ep 4 batch 150 loss 0.838 kc 0.108 (1359s)
[intent_massive-real] ep 4 batch 200 loss 0.817 kc 0.123 (1421s)
[intent_massive-real] epoch 4: loss 0.813 val 0.302 (1552s)
[intent_massive-real] done (1552s)
exit 0
