[all-real] start kc 0.050 spread 2.10e-04 (23s)
[all-real] ep 1 batch 0 loss 1.936 kc 0.125 (25s)
[all-real] ep 1 batch 50 loss 1.233 kc 0.103 (89s)
[all-real] ep 1 batch 100 loss 1.125 kc 0.107 (154s)
[all-real] ep 1 batch 150 loss 1.101 kc 0.112 (218s)
[all-real] ep 1 batch 200 loss 0.989 kc 0.107 (282s)
[all-real] ep 1 batch 250 loss 1.077 kc 0.100 (345s)
[all-real] ep 1 batch 300 loss 1.025 kc 0.111 (409s)
[all-real] ep 1 batch 350 loss 1.002 kc 0.106 (474s)
[all-real] ep 1 batch 400 loss 0.976 kc 0.109 (537s)
[all-real] ep 1 batch 450 loss 0.978 kc 0.119 (601s)
[all-real] ep 1 batch 500 loss 0.989 kc 0.103 (664s)
[all-real] ep 1 batch 550 loss 0.950 kc 0.101 (728s)
[all-real] ep 1 batch 600 loss 0.995 kc 0.099 (791s)
[all-real] ep 1 batch 650 loss 0.965 kc 0.115 (854s)
[all-real] ep 1 batch 700 loss 0.926 kc 0.106 (918s)
[all-real] ep 1 batch 750 loss 0.942 kc 0.111 (982s)
[all-real] ep 1 batch 800 loss 0.969 kc 0.101 (1046s)
[all-real] epoch 1: loss 1.015 val 0.421 (1314s)
[all-real] ep 2 batch 0 loss 1.133 kc 0.103 (1316s)
[all-real] ep 2 batch 50 loss 0.902 kc 0.107 (1380s)
[all-real] ep 2 batch 100 loss 0.925 kc 0.106 (1444s)
[all-real] ep 2 batch 150 loss 0.927 kc 0.113 (1506s)
[all-real] ep 2 batch 200 loss 0.903 kc 0.101 (1570s)
[all-real] ep 2 batch 250 loss 0.897 kc 0.085 (1635s)
[all-real] ep 2 batch 300 loss 0.924 kc 0.099 (1698s)
[all-real] ep 2 batch 350 loss 0.891 kc 0.106 (1762s)
[all-real] ep 2 batch 400 loss 0.872 kc 0.105 (1825s)
[all-real] ep 2 batch 450 loss 0.907 kc 0.095 (1888s)
[all-real] ep 2 batch 500 loss 0.871 kc 0.100 (1951s)
[all-real] ep 2 batch 550 loss 0.829 kc 0.099 (2015s)
[all-real] ep 2 batch 600 loss 0.823 kc 0.107 (2080s)
[all-real] ep 2 batch 650 loss 0.878 kc 0.104 (2143s)
[all-real] ep 2 batch 700 loss 0.810 kc 0.105 (2209s)
[all-real] ep 2 batch 750 loss 0.855 kc 0.107 (2273s)
[all-real] ep 2 batch 800 loss 0.858 kc 0.093 (2336s)
[all-real] epoch 2: loss 0.878 val 0.458 (2604s)
[all-real] ep 3 batch 0 loss 0.649 kc 0.098 (2606s)
[all-real] ep 3 batch 50 loss 0.820 kc 0.110 (2669s)
[all-real] ep 3 batch 100 loss 0.791 kc 0.100 (2734s)
[all-real] ep 3 batch 150 loss 0.786 kc 0.121 (2797s)
[all-real] ep 3 batch 200 loss 0.783 kc 0.106 (2862s)
[all-real] ep 3 batch 250 loss 0.824 kc 0.108 (2926s)
[all-real] ep 3 batch 300 loss 0.742 kc 0.110 (2990s)
[all-real] ep 3 batch 350 loss 0.758 kc 0.110 (3054s)
[all-real] ep 3 batch 400 loss 0.854 kc 0.104 (3117s)
[all-real] ep 3 batch 450 loss 0.758 kc 0.113 (3182s)
[all-real] ep 3 batch 500 loss 0.811 kc 0.104 (3248s)
[all-real] ep 3 batch 550 loss 0.763 kc 0.094 (3313s)
[all-real] ep 3 batch 600 loss 0.797 kc 0.105 (3376s)
[all-real] ep 3 batch 650 loss 0.815 kc 0.115 (3440s)
[all-real] ep 3 batch 700 loss 0.749 kc 0.101 (3504s)
[all-real] ep 3 batch 750 loss 0.742 kc 0.108 (3568s)
[all-real] ep 3 batch 800 loss 0.725 kc 0.100 (3632s)
[all-real] epoch 3: loss 0.782 val 0.473 (3898s)
[all-real] ep 4 batch 0 loss 0.816 kc 0.114 (3900s)
[all-real] ep 4 batch 50 loss 0.729 kc 0.107 (3965s)
[all-real] ep 4 batch 100 loss 0.756 kc 0.119 (4028s)
[all-real] ep 4 batch 150 loss 0.747 kc 0.108 (4094s)
[all-real] ep 4 batch 200 loss 0.719 kc 0.104 (4158s)
[all-real] ep 4 batch 250 loss 0.725 kc 0.110 (4219s)
[all-real] ep 4 batch 300 loss 0.741 kc 0.101 (4282s)
[all-real] ep 4 batch 350 loss 0.752 kc 0.111 (4347s)
[all-real] ep 4 batch 400 loss 0.737 kc 0.117 (4410s)
[all-real] ep 4 batch 450 loss 0.719 kc 0.105 (4472s)
[all-real] ep 4 batch 500 loss 0.750 kc 0.101 (4535s)
[all-real] ep 4 batch 550 loss 0.731 kc 0.107 (4599s)
[all-real] ep 4 batch 600 loss 0.757 kc 0.102 (4663s)
[all-real] ep 4 batch 650 loss 0.725 kc 0.104 (4726s)
[all-real] ep 4 batch 700 loss 0.709 kc 0.103 (4790s)
[all-real] ep 4 batch 750 loss 0.731 kc 0.103 (4852s)
[all-real] ep 4 batch 800 loss 0.738 kc 0.096 (4915s)
[all-real] epoch 4: loss 0.735 val 0.503 (5183s)
[all-real] done (5183s)
exit 0
