[intent_clinc-layered] start kc 0.050 spread 1.58e-04 (25s)
[intent_clinc-layered] ep 1 batch 0 loss 2.500 kc 0.123 (27s)
[intent_clinc-layered] ep 1 batch 50 loss 1.958 kc 0.122 (90s)
[intent_clinc-layered] ep 1 batch 100 loss 1.583 kc 0.127 (154s)
[intent_clinc-layered] ep 1 batch 150 loss 1.330 kc 0.123 (217s)
[intent_clinc-layered] ep 1 batch 200 loss 1.153 kc 0.102 (280s)
[intent_clinc-layered] epoch 1: loss 1.406 val 0.203 (499s)
[intent_clinc-layered] ep 2 batch 0 loss 0.638 kc 0.102 (500s)
[intent_clinc-layered] ep 2 batch 50 loss 0.863 kc 0.109 (563s)
[intent_clinc-layered] ep 2 batch 100 loss 0.896 kc 0.097 (627s)
[intent_clinc-layered] ep 2 batch 150 loss 0.778 kc 0.102 (690s)
[intent_clinc-layered] ep 2 batch 200 loss 0.712 kc 0.095 (753s)
[intent_clinc-layered] epoch 2: loss 0.791 val 0.293 (972s)
[intent_clinc-layered] ep 3 batch 0 loss 0.650 kc 0.103 (973s)
[intent_clinc-layered] ep 3 batch 50 loss 0.607 kc 0.103 (1036s)
[intent_clinc-layered] ep 3 batch 100 loss 0.657 kc 0.101 (1100s)
[intent_clinc-layered] ep 3 batch 150 loss 0.667 kc 0.097 (1163s)
[intent_clinc-layered] ep 3 batch 200 loss 0.643 kc 0.100 (1226s)
[intent_clinc-layered] epoch 3: loss 0.644 val 0.277 (1445s)
[intent_clinc-layered] ep 4 batch 0 loss 0.480 kc 0.099 (1446s)
[intent_clinc-layered] ep 4 batch 50 loss 0.572 kc 0.106 (1509s)
[intent_clinc-layered] ep 4 batch 100 loss 0.617 kc 0.110 (1573s)
[intent_clinc-layered] ep 4 batch 150 loss 0.635 kc 0.105 (1636s)
[intent_clinc-layered] ep 4 batch 200 loss 0.508 kc 0.110 (1699s)
[intent_clinc-layered] epoch 4: loss 0.578 val 0.292 (1918s)
[intent_clinc-layered] done (1918s)
exit 0
