{
 "summary": {
  "bal_acc": {
   "mean": 0.5152541735009738,
   "p5": 0.5,
   "p95": 0.5387232046642463
  },
  "recall_yes": {
   "mean": 0.5626591230551627,
   "p5": 0.2,
   "p95": 0.9243877569148894
  },
  "recall_no": {
   "mean": 0.46784922394678496,
   "p5": 0.14344567338972022,
   "p95": 0.8
  },
  "T1_margin_vs_logistic": {
   "mean": -0.2192576923197546,
   "p5": -0.2475309248545689,
   "p95": -0.18958264826543045
  },
  "T2_drop_minus_bar": {
   "mean": -0.008276986235208894,
   "p5": -0.02156683680660241,
   "p95": 0.0
  },
  "reset_bal_acc": {
   "mean": 0.5120905296104523,
   "p5": 0.5,
   "p95": 0.5310899373757033
  },
  "T3_flipped_share": {
   "mean": 0.01319034852546917,
   "p5": 0.0,
   "p95": 0.031109919571045565
  },
  "T4_min_recall": {
   "mean": 0.06784922394678491,
   "p5": 0.0,
   "p95": 0.154245804988662
  },
  "T4_untrained_share_r2": {
   "mean": 0.9850820050352447,
   "p5": 0.9837113010697517,
   "p95": 0.9863472159128572
  },
  "T5_trained_read_sd": {
   "mean": 0.0007168073456439742,
   "p5": 0.0006977411974877588,
   "p95": 0.000736416931379448
  },
  "layered_bal_acc": {
   "mean": 0.4981079292598249,
   "p5": 0.49353525803322335,
   "p95": 0.5002863483706766
  },
  "layered_reset_bal_acc": {
   "mean": 0.49847110146554724,
   "p5": 0.4943448614535337,
   "p95": 0.500573107012041
  },
  "layered_read_sd": {
   "mean": 0.00025845149531453503,
   "p5": 0.0002518528168023246,
   "p95": 0.00026499003817093944
  },
  "T6_real_minus_layered": {
   "mean": 0.017146244241148845,
   "p5": -0.00021010614772224546,
   "p95": 0.04368810521407033
  },
  "T7_read_sd_ratio": {
   "mean": 2.7734695810629724,
   "p5": 2.6733660862761073,
   "p95": 2.8769610699913897
  }
 },
 "checks": {
  "T1_learns": false,
  "T2_memory_is_the_learner": false,
  "T3_memory_carries_answer": false,
  "T4_recall_both_ge_0.5": false,
  "T4_untrained_share_le_0.2": false,
  "T5_L3_every_seed": true,
  "T5_L4_every_seed": true,
  "T5_L5_trained_read_sd_ge_0.01": false,
  "T7_real_carries_memory_ratio_ge_2": true
 }
}
