[36m[1mDownloading[0m[39m tokenizers [2m(2.4MiB)[0m
[36m[1mDownloading[0m[39m transformers [2m(9.6MiB)[0m
 [32m[1mDownloading[0m[39m tokenizers
 [32m[1mDownloading[0m[39m transformers
[2mInstalled [1m33 packages[0m [2min 343ms[0m[0m
A new version of the following files was downloaded from https://huggingface.co/jinaai/jina-clip-implementation:
- rope_embeddings.py
. Make sure to double-check they do not contain any added malicious code. To avoid downloading new versions of the code file, you can pin a revision.
A new version of the following files was downloaded from https://huggingface.co/jinaai/jina-clip-implementation:
- hf_model.py
- eva_model.py
- transform.py
. Make sure to double-check they do not contain any added malicious code. To avoid downloading new versions of the code file, you can pin a revision.
A new version of the following files was downloaded from https://huggingface.co/jinaai/xlm-roberta-flash-implementation:
- configuration_xlm_roberta.py
. Make sure to double-check they do not contain any added malicious code. To avoid downloading new versions of the code file, you can pin a revision.
A new version of the following files was downloaded from https://huggingface.co/jinaai/xlm-roberta-flash-implementation:
- embedding.py
. Make sure to double-check they do not contain any added malicious code. To avoid downloading new versions of the code file, you can pin a revision.
A new version of the following files was downloaded from https://huggingface.co/jinaai/xlm-roberta-flash-implementation:
- mlp.py
. Make sure to double-check they do not contain any added malicious code. To avoid downloading new versions of the code file, you can pin a revision.
A new version of the following files was downloaded from https://huggingface.co/jinaai/xlm-roberta-flash-implementation:
- stochastic_depth.py
. Make sure to double-check they do not contain any added malicious code. To avoid downloading new versions of the code file, you can pin a revision.
A new version of the following files was downloaded from https://huggingface.co/jinaai/xlm-roberta-flash-implementation:
- rotary.py
. Make sure to double-check they do not contain any added malicious code. To avoid downloading new versions of the code file, you can pin a revision.
A new version of the following files was downloaded from https://huggingface.co/jinaai/xlm-roberta-flash-implementation:
- mha.py
- rotary.py
. Make sure to double-check they do not contain any added malicious code. To avoid downloading new versions of the code file, you can pin a revision.
A new version of the following files was downloaded from https://huggingface.co/jinaai/xlm-roberta-flash-implementation:
- block.py
- mlp.py
- stochastic_depth.py
- mha.py
. Make sure to double-check they do not contain any added malicious code. To avoid downloading new versions of the code file, you can pin a revision.
A new version of the following files was downloaded from https://huggingface.co/jinaai/xlm-roberta-flash-implementation:
- xlm_padding.py
. Make sure to double-check they do not contain any added malicious code. To avoid downloading new versions of the code file, you can pin a revision.
A new version of the following files was downloaded from https://huggingface.co/jinaai/xlm-roberta-flash-implementation:
- modeling_xlm_roberta.py
- embedding.py
- block.py
- xlm_padding.py
. Make sure to double-check they do not contain any added malicious code. To avoid downloading new versions of the code file, you can pin a revision.
A new version of the following files was downloaded from https://huggingface.co/jinaai/xlm-roberta-flash-implementation:
- modeling_lora.py
- modeling_xlm_roberta.py
. Make sure to double-check they do not contain any added malicious code. To avoid downloading new versions of the code file, you can pin a revision.
A new version of the following files was downloaded from https://huggingface.co/jinaai/jina-clip-implementation:
- processing_clip.py
. Make sure to double-check they do not contain any added malicious code. To avoid downloading new versions of the code file, you can pin a revision.
sst: 427 train sentences had no exact dictionary match and were left out
sst: 427 train sentences had no exact dictionary match and were left out
[jina-clip-v2] sweet (122s)
[jina-clip-v2] dangerous (853s)
[jina-clip-v2] junk (914s)
sst: 427 train sentences had no exact dictionary match and were left out
[jina-clip-v2] pictures (1053s)
[jina-clip-v2] done (1053s)
