[layered] start gain 8.0 threshold 0.2 kept 0.388 (57s)
[layered] ep 1 batch 0 loss 2.236 kc 0.049 (58s)
[layered] ep 1 batch 100 loss 1.607 kc 0.047 (102s)
[layered] ep 1 batch 200 loss 1.474 kc 0.050 (145s)
[layered] ep 1 batch 300 loss 1.579 kc 0.049 (189s)
[layered] ep 1 batch 400 loss 1.397 kc 0.063 (234s)
[layered] ep 1 batch 500 loss 1.406 kc 0.082 (277s)
[layered] ep 1 batch 600 loss 1.419 kc 0.076 (322s)
[layered] ep 1 batch 700 loss 1.560 kc 0.090 (365s)
[layered] ep 1 batch 800 loss 1.643 kc 0.065 (408s)
[layered] ep 1 batch 900 loss 1.493 kc 0.074 (452s)
[layered] ep 1 batch 1000 loss 1.561 kc 0.077 (496s)
[layered] ep 1 batch 1100 loss 1.523 kc 0.074 (539s)
[layered] ep 1 batch 1200 loss 1.487 kc 0.087 (972s)
[layered] ep 1 batch 1300 loss 1.309 kc 0.077 (1018s)
[layered] ep 1 batch 1400 loss 1.431 kc 0.079 (1065s)
[layered] ep 1 batch 1500 loss 1.470 kc 0.090 (1109s)
[layered] ep 1 batch 1600 loss 1.481 kc 0.066 (1155s)
[layered] ep 1 batch 1700 loss 1.370 kc 0.094 (1199s)
[layered] ep 1 batch 1800 loss 1.524 kc 0.091 (1244s)
[layered] ep 1 batch 1900 loss 1.454 kc 0.090 (1288s)
[layered] ep 1 batch 2000 loss 1.483 kc 0.090 (1332s)
[layered] ep 1 batch 2100 loss 1.542 kc 0.074 (1376s)
[layered] ep 1 batch 2200 loss 1.525 kc 0.064 (1420s)
[layered] ep 1 batch 2300 loss 1.501 kc 0.074 (1464s)
[layered] ep 1 batch 2400 loss 1.506 kc 0.089 (1509s)
[layered] ep 1 batch 2500 loss 1.382 kc 0.072 (1553s)
[layered] ep 1 batch 2600 loss 1.409 kc 0.093 (1597s)
[layered] ep 1 batch 2700 loss 1.367 kc 0.081 (1641s)
[layered] ep 1 batch 2800 loss 1.373 kc 0.099 (1685s)
[layered] ep 1 batch 2900 loss 1.387 kc 0.100 (1729s)
[layered] epoch 1: loss 1.469 val 0.394 (1807s)
[layered] ep 2 batch 0 loss 1.034 kc 0.105 (1808s)
[layered] ep 2 batch 100 loss 1.436 kc 0.114 (1851s)
[layered] ep 2 batch 200 loss 1.341 kc 0.111 (1895s)
[layered] ep 2 batch 300 loss 1.380 kc 0.108 (1939s)
[layered] ep 2 batch 400 loss 1.404 kc 0.102 (1983s)
[layered] ep 2 batch 500 loss 1.434 kc 0.126 (2026s)
[layered] ep 2 batch 600 loss 1.395 kc 0.100 (2070s)
[layered] ep 2 batch 700 loss 1.513 kc 0.089 (2113s)
[layered] ep 2 batch 800 loss 1.396 kc 0.106 (2156s)
[layered] ep 2 batch 900 loss 1.364 kc 0.100 (2199s)
[layered] ep 2 batch 1000 loss 1.324 kc 0.100 (2243s)
[layered] ep 2 batch 1100 loss 1.445 kc 0.091 (2287s)
[layered] ep 2 batch 1200 loss 1.400 kc 0.114 (2331s)
[layered] ep 2 batch 1300 loss 1.333 kc 0.099 (2374s)
[layered] ep 2 batch 1400 loss 1.487 kc 0.134 (2417s)
[layered] ep 2 batch 1500 loss 1.460 kc 0.129 (2460s)
[layered] ep 2 batch 1600 loss 1.371 kc 0.122 (2503s)
[layered] ep 2 batch 1700 loss 1.398 kc 0.122 (2546s)
[layered] ep 2 batch 1800 loss 1.312 kc 0.125 (2591s)
[layered] ep 2 batch 1900 loss 1.285 kc 0.122 (2634s)
[layered] ep 2 batch 2000 loss 1.308 kc 0.113 (2678s)
[layered] ep 2 batch 2100 loss 1.260 kc 0.124 (2722s)
[layered] ep 2 batch 2200 loss 1.449 kc 0.095 (2766s)
[layered] ep 2 batch 2300 loss 1.343 kc 0.104 (2808s)
[layered] ep 2 batch 2400 loss 1.355 kc 0.087 (2852s)
[layered] ep 2 batch 2500 loss 1.359 kc 0.105 (2896s)
[layered] ep 2 batch 2600 loss 1.321 kc 0.135 (2940s)
[layered] ep 2 batch 2700 loss 1.257 kc 0.113 (2984s)
[layered] ep 2 batch 2800 loss 1.332 kc 0.098 (3028s)
[layered] ep 2 batch 2900 loss 1.404 kc 0.101 (3072s)
[layered] ep 2 batch 3000 loss 1.338 kc 0.100 (3115s)
[layered] epoch 2: loss 1.374 val 0.400 (3156s)
[layered] ep 3 batch 0 loss 1.473 kc 0.106 (3157s)
[layered] ep 3 batch 100 loss 1.408 kc 0.110 (3200s)
[layered] ep 3 batch 200 loss 1.341 kc 0.106 (3244s)
[layered] ep 3 batch 300 loss 1.349 kc 0.109 (3286s)
[layered] ep 3 batch 400 loss 1.438 kc 0.109 (3330s)
[layered] ep 3 batch 500 loss 1.542 kc 0.106 (3374s)
[layered] ep 3 batch 600 loss 1.337 kc 0.111 (3418s)
[layered] ep 3 batch 700 loss 1.392 kc 0.111 (3461s)
[layered] ep 3 batch 800 loss 1.401 kc 0.100 (3505s)
[layered] ep 3 batch 900 loss 1.354 kc 0.137 (3549s)
[layered] ep 3 batch 1000 loss 1.299 kc 0.125 (3592s)
[layered] ep 3 batch 1100 loss 1.389 kc 0.113 (3635s)
[layered] ep 3 batch 1200 loss 1.336 kc 0.104 (3679s)
[layered] ep 3 batch 1300 loss 1.406 kc 0.104 (3722s)
[layered] ep 3 batch 1400 loss 1.490 kc 0.120 (3764s)
[layered] ep 3 batch 1500 loss 1.342 kc 0.132 (3809s)
[layered] ep 3 batch 1600 loss 1.357 kc 0.126 (3852s)
[layered] ep 3 batch 1700 loss 1.411 kc 0.125 (3895s)
[layered] ep 3 batch 1800 loss 1.405 kc 0.113 (3937s)
[layered] ep 3 batch 1900 loss 1.452 kc 0.097 (3980s)
[layered] ep 3 batch 2000 loss 1.300 kc 0.131 (4024s)
[layered] ep 3 batch 2100 loss 1.332 kc 0.099 (4068s)
[layered] ep 3 batch 2200 loss 1.373 kc 0.093 (4111s)
[layered] ep 3 batch 2300 loss 1.278 kc 0.096 (4156s)
[layered] ep 3 batch 2400 loss 1.481 kc 0.105 (4198s)
[layered] ep 3 batch 2500 loss 1.412 kc 0.136 (4241s)
[layered] ep 3 batch 2600 loss 1.360 kc 0.115 (4284s)
[layered] ep 3 batch 2700 loss 1.376 kc 0.101 (4327s)
[layered] ep 3 batch 2800 loss 1.399 kc 0.116 (4372s)
[layered] ep 3 batch 2900 loss 1.354 kc 0.096 (4416s)
[layered] ep 3 batch 3000 loss 1.325 kc 0.102 (4460s)
[layered] epoch 3: loss 1.382 val 0.409 (4502s)
[layered] ep 4 batch 0 loss 0.963 kc 0.107 (4502s)
[layered] ep 4 batch 100 loss 1.310 kc 0.101 (4546s)
[layered] ep 4 batch 200 loss 1.341 kc 0.104 (4589s)
[layered] ep 4 batch 300 loss 1.427 kc 0.109 (4632s)
[layered] ep 4 batch 400 loss 1.374 kc 0.126 (4676s)
[layered] ep 4 batch 500 loss 1.412 kc 0.144 (4720s)
[layered] ep 4 batch 600 loss 1.367 kc 0.101 (4764s)
[layered] ep 4 batch 700 loss 1.338 kc 0.099 (4807s)
[layered] ep 4 batch 800 loss 1.378 kc 0.116 (4850s)
[layered] ep 4 batch 900 loss 1.429 kc 0.103 (4893s)
[layered] ep 4 batch 1000 loss 1.322 kc 0.122 (4937s)
[layered] ep 4 batch 1100 loss 1.266 kc 0.103 (4980s)
[layered] ep 4 batch 1200 loss 1.343 kc 0.131 (5023s)
[layered] ep 4 batch 1300 loss 1.393 kc 0.127 (5066s)
[layered] ep 4 batch 1400 loss 1.321 kc 0.144 (5111s)
[layered] ep 4 batch 1500 loss 1.383 kc 0.110 (5154s)
[layered] ep 4 batch 1600 loss 1.413 kc 0.104 (5198s)
[layered] ep 4 batch 1700 loss 1.262 kc 0.129 (5243s)
[layered] ep 4 batch 1800 loss 1.242 kc 0.108 (5287s)
[layered] ep 4 batch 1900 loss 1.262 kc 0.097 (5331s)
[layered] ep 4 batch 2000 loss 1.392 kc 0.105 (5374s)
[layered] ep 4 batch 2100 loss 1.370 kc 0.118 (5418s)
[layered] ep 4 batch 2200 loss 1.304 kc 0.101 (5462s)
[layered] ep 4 batch 2300 loss 1.322 kc 0.130 (5506s)
[layered] ep 4 batch 2400 loss 1.316 kc 0.124 (5550s)
[layered] ep 4 batch 2500 loss 1.378 kc 0.110 (5594s)
[layered] ep 4 batch 2600 loss 1.392 kc 0.114 (5637s)
[layered] ep 4 batch 2700 loss 1.392 kc 0.113 (5681s)
[layered] ep 4 batch 2800 loss 1.473 kc 0.120 (5724s)
[layered] ep 4 batch 2900 loss 1.418 kc 0.107 (5768s)
[layered] epoch 4: loss 1.354 val 0.418 (5847s)
[layered] ep 5 batch 0 loss 1.026 kc 0.116 (5847s)
[layered] ep 5 batch 100 loss 1.307 kc 0.111 (5890s)
[layered] ep 5 batch 200 loss 1.336 kc 0.114 (5934s)
[layered] ep 5 batch 300 loss 1.334 kc 0.122 (5978s)
[layered] ep 5 batch 400 loss 1.352 kc 0.123 (6022s)
[layered] ep 5 batch 500 loss 1.383 kc 0.105 (6064s)
[layered] ep 5 batch 600 loss 1.289 kc 0.098 (6108s)
[layered] ep 5 batch 700 loss 1.360 kc 0.111 (6151s)
[layered] ep 5 batch 800 loss 1.291 kc 0.098 (6195s)
[layered] ep 5 batch 900 loss 1.285 kc 0.111 (6239s)
[layered] ep 5 batch 1000 loss 1.349 kc 0.126 (6283s)
[layered] ep 5 batch 1100 loss 1.384 kc 0.102 (6327s)
[layered] ep 5 batch 1200 loss 1.351 kc 0.112 (6370s)
[layered] ep 5 batch 1300 loss 1.400 kc 0.135 (6413s)
[layered] ep 5 batch 1400 loss 1.375 kc 0.120 (6458s)
[layered] ep 5 batch 1500 loss 1.426 kc 0.106 (6501s)
[layered] ep 5 batch 1600 loss 1.336 kc 0.120 (6544s)
[layered] ep 5 batch 1700 loss 1.258 kc 0.123 (6588s)
[layered] ep 5 batch 1800 loss 1.328 kc 0.114 (6631s)
[layered] ep 5 batch 1900 loss 1.302 kc 0.112 (6675s)
[layered] ep 5 batch 2000 loss 1.337 kc 0.115 (6718s)
[layered] ep 5 batch 2100 loss 1.324 kc 0.129 (6761s)
[layered] ep 5 batch 2200 loss 1.355 kc 0.124 (6806s)
[layered] ep 5 batch 2300 loss 1.254 kc 0.126 (6850s)
[layered] ep 5 batch 2400 loss 1.353 kc 0.142 (6894s)
[layered] ep 5 batch 2500 loss 1.421 kc 0.121 (6937s)
[layered] ep 5 batch 2600 loss 1.272 kc 0.127 (6981s)
[layered] ep 5 batch 2700 loss 1.272 kc 0.117 (7025s)
[layered] ep 5 batch 2800 loss 1.258 kc 0.117 (7069s)
[layered] ep 5 batch 2900 loss 1.331 kc 0.128 (7112s)
[layered] epoch 5: loss 1.331 val 0.409 (7193s)
[layered] ep 6 batch 0 loss 1.824 kc 0.136 (7193s)
[layered] ep 6 batch 100 loss 1.345 kc 0.118 (7238s)
[layered] ep 6 batch 200 loss 1.262 kc 0.122 (7282s)
[layered] ep 6 batch 300 loss 1.345 kc 0.121 (7326s)
[layered] ep 6 batch 400 loss 1.347 kc 0.121 (7370s)
[layered] ep 6 batch 500 loss 1.333 kc 0.128 (7413s)
[layered] ep 6 batch 600 loss 1.233 kc 0.117 (7457s)
[layered] ep 6 batch 700 loss 1.297 kc 0.119 (7501s)
[layered] ep 6 batch 800 loss 1.291 kc 0.128 (7544s)
[layered] ep 6 batch 900 loss 1.333 kc 0.119 (7587s)
[layered] ep 6 batch 1000 loss 1.329 kc 0.119 (7631s)
[layered] ep 6 batch 1100 loss 1.390 kc 0.126 (7674s)
[layered] ep 6 batch 1200 loss 1.329 kc 0.122 (7717s)
[layered] ep 6 batch 1300 loss 1.341 kc 0.122 (7761s)
[layered] ep 6 batch 1400 loss 1.220 kc 0.126 (7805s)
[layered] ep 6 batch 1500 loss 1.356 kc 0.127 (7849s)
[layered] ep 6 batch 1600 loss 1.415 kc 0.131 (7893s)
[layered] ep 6 batch 1700 loss 1.304 kc 0.111 (7937s)
[layered] ep 6 batch 1800 loss 1.306 kc 0.118 (7980s)
[layered] ep 6 batch 1900 loss 1.325 kc 0.107 (8024s)
[layered] ep 6 batch 2000 loss 1.288 kc 0.125 (8068s)
[layered] ep 6 batch 2100 loss 1.390 kc 0.109 (8112s)
[layered] ep 6 batch 2200 loss 1.315 kc 0.119 (8156s)
[layered] ep 6 batch 2300 loss 1.297 kc 0.135 (8200s)
[layered] ep 6 batch 2400 loss 1.423 kc 0.100 (8243s)
[layered] ep 6 batch 2500 loss 1.353 kc 0.138 (8287s)
[layered] ep 6 batch 2600 loss 1.319 kc 0.114 (8330s)
[layered] ep 6 batch 2700 loss 1.447 kc 0.108 (8373s)
[layered] ep 6 batch 2800 loss 1.373 kc 0.120 (8417s)
[layered] ep 6 batch 2900 loss 1.276 kc 0.109 (8462s)
[layered] epoch 6: loss 1.328 val 0.416 (8536s)
[layered] ep 7 batch 0 loss 0.785 kc 0.100 (8537s)
[layered] ep 7 batch 100 loss 1.263 kc 0.120 (8581s)
[layered] ep 7 batch 200 loss 1.327 kc 0.117 (8625s)
[layered] ep 7 batch 300 loss 1.281 kc 0.130 (8669s)
[layered] ep 7 batch 400 loss 1.223 kc 0.115 (8713s)
[layered] ep 7 batch 500 loss 1.356 kc 0.111 (8757s)
[layered] ep 7 batch 600 loss 1.271 kc 0.103 (8800s)
[layered] ep 7 batch 700 loss 1.312 kc 0.112 (8844s)
[layered] ep 7 batch 800 loss 1.526 kc 0.113 (8887s)
[layered] ep 7 batch 900 loss 1.262 kc 0.092 (8932s)
[layered] ep 7 batch 1000 loss 1.365 kc 0.114 (8975s)
[layered] ep 7 batch 1100 loss 1.289 kc 0.132 (9019s)
[layered] ep 7 batch 1200 loss 1.253 kc 0.126 (9061s)
[layered] ep 7 batch 1300 loss 1.308 kc 0.116 (9104s)
[layered] ep 7 batch 1400 loss 1.242 kc 0.122 (9148s)
[layered] ep 7 batch 1500 loss 1.318 kc 0.115 (9191s)
[layered] ep 7 batch 1600 loss 1.403 kc 0.119 (9233s)
[layered] ep 7 batch 1700 loss 1.416 kc 0.120 (9277s)
[layered] ep 7 batch 1800 loss 1.347 kc 0.132 (9320s)
[layered] ep 7 batch 1900 loss 1.189 kc 0.134 (9365s)
[layered] ep 7 batch 2000 loss 1.378 kc 0.138 (9408s)
[layered] ep 7 batch 2100 loss 1.171 kc 0.124 (9453s)
[layered] ep 7 batch 2200 loss 1.387 kc 0.129 (9496s)
[layered] ep 7 batch 2300 loss 1.259 kc 0.110 (9540s)
[layered] ep 7 batch 2400 loss 1.322 kc 0.126 (9582s)
[layered] ep 7 batch 2500 loss 1.427 kc 0.107 (9626s)
[layered] ep 7 batch 2600 loss 1.303 kc 0.137 (9669s)
[layered] ep 7 batch 2700 loss 1.386 kc 0.120 (9712s)
[layered] ep 7 batch 2800 loss 1.264 kc 0.126 (9755s)
[layered] ep 7 batch 2900 loss 1.377 kc 0.136 (9800s)
[layered] epoch 7: loss 1.316 val 0.401 (9883s)
[layered] ep 8 batch 0 loss 1.023 kc 0.119 (9883s)
[layered] ep 8 batch 100 loss 1.336 kc 0.143 (9927s)
[layered] ep 8 batch 200 loss 1.286 kc 0.142 (9970s)
[layered] ep 8 batch 300 loss 1.332 kc 0.122 (10014s)
[layered] ep 8 batch 400 loss 1.238 kc 0.137 (10058s)
[layered] ep 8 batch 500 loss 1.220 kc 0.136 (10101s)
[layered] ep 8 batch 600 loss 1.306 kc 0.129 (10146s)
[layered] ep 8 batch 700 loss 1.452 kc 0.120 (10189s)
[layered] ep 8 batch 800 loss 1.428 kc 0.126 (10233s)
[layered] ep 8 batch 900 loss 1.395 kc 0.125 (10276s)
[layered] ep 8 batch 1000 loss 1.250 kc 0.143 (10320s)
[layered] ep 8 batch 1100 loss 1.367 kc 0.125 (10364s)
[layered] ep 8 batch 1200 loss 1.330 kc 0.127 (10407s)
[layered] ep 8 batch 1300 loss 1.213 kc 0.121 (10451s)
[layered] ep 8 batch 1400 loss 1.304 kc 0.126 (10495s)
[layered] ep 8 batch 1500 loss 1.349 kc 0.122 (10538s)
[layered] ep 8 batch 1600 loss 1.378 kc 0.140 (10582s)
[layered] ep 8 batch 1700 loss 1.291 kc 0.118 (10626s)
[layered] ep 8 batch 1800 loss 1.237 kc 0.128 (10669s)
[layered] ep 8 batch 1900 loss 1.331 kc 0.112 (10712s)
[layered] ep 8 batch 2000 loss 1.277 kc 0.118 (10756s)
[layered] ep 8 batch 2100 loss 1.330 kc 0.135 (10799s)
[layered] ep 8 batch 2200 loss 1.315 kc 0.121 (10842s)
[layered] ep 8 batch 2300 loss 1.326 kc 0.128 (10886s)
[layered] ep 8 batch 2400 loss 1.275 kc 0.119 (10930s)
[layered] ep 8 batch 2500 loss 1.226 kc 0.117 (10974s)
[layered] ep 8 batch 2600 loss 1.283 kc 0.110 (11018s)
[layered] ep 8 batch 2700 loss 1.265 kc 0.130 (11062s)
[layered] ep 8 batch 2800 loss 1.237 kc 0.116 (11105s)
[layered] ep 8 batch 2900 loss 1.339 kc 0.126 (11148s)
[layered] epoch 8: loss 1.309 val 0.408 (11228s)
[layered] done: test 0.418 cold 0.539 (11376s)
exit 0
