{
 "arm": "layered",
 "rest_input": 0.05,
 "settle": {
  "steps": 40,
  "max_step_change": 1.2718141078948974e-06,
  "converged": true
 },
 "rest_drift_after_80_steps": 0.0,
 "orn_rest_rate": 0.01505404245108366,
 "orn_fed_rest_rate": 0.02005714550614357,
 "kc_active_per_sniff": 0.042826034128665924,
 "kc_active_per_sniff_min_max": [
  0.0007381889736279845,
  0.25910434126853943
 ],
 "kc_ever_active": 0.9982775449752808,
 "kc_jaccard_between_items": 0.020623644813895226,
 "read_spread": 0.00027237311587668955,
 "read_mean": -0.0009430439677089453,
 "read_corr_with_80_steps_at": {
  "10": 0.8036531520132445,
  "20": 0.9013863952006902,
  "40": 0.9996475835835352,
  "60": 0.9999990661264334
 },
 "s_batch_of_200": 10.601164102554321,
 "checks": {
  "L1_starts_from_rest": true,
  "L2_orn_rest_le_0.15": true,
  "L3_kc_2_to_10pct": true,
  "L4_kc_ever_ge_50pct": true,
  "L4_jaccard_le_0.25": true,
  "L5_read_spread_ge_0.01": false
 },
 "wall_s": 2143.3434138298035
}
